Component: ARM Compiler 6.16 Tool: armlink [5dfeaa00]

==============================================================================

Section Cross References

    main.o(.text) refers (Special) to _printf_percent.o(.ARM.Collect$$_printf_percent$$00000000) for _printf_percent
    main.o(.text) refers (Special) to _printf_s.o(.ARM.Collect$$_printf_percent$$00000014) for _printf_s
    main.o(.text) refers (Special) to _printf_str.o(.text) for _printf_str
    main.o(.text.main) refers (Special) to _printf_percent.o(.ARM.Collect$$_printf_percent$$00000000) for _printf_percent
    main.o(.text.main) refers (Special) to _printf_s.o(.ARM.Collect$$_printf_percent$$00000014) for _printf_s
    main.o(.text.main) refers (Special) to _printf_str.o(.text) for _printf_str
    main.o(.text.main) refers to system.o(.text.System_Init_72MHZ) for System_Init_72MHZ
    main.o(.text.main) refers to systick.o(.text.SysTick_Init) for SysTick_Init
    main.o(.text.main) refers to nvic.o(.text.NVIC_Init) for NVIC_Init
    main.o(.text.main) refers to uart.o(.text.uartInit) for uartInit
    main.o(.text.main) refers to spi.o(.text.spiInit) for spiInit
    main.o(.text.main) refers to uart.o(.bss.sBuff) for sBuff
    main.o(.text.main) refers to main.o(.rodata.str1.4) for .L.str
    main.o(.text.main) refers to rt_memcpy_v6.o(.text) for __aeabi_memcpy
    main.o(.text.main) refers to uart.o(.text.Send) for Send
    main.o(.text.main) refers to nrf24.o(.text.CheckNRF24) for CheckNRF24
    main.o(.text.main) refers to noretval__2sprintf.o(.text) for __2sprintf
    main.o(.text.main) refers to nrf24.o(.data.sNRFInfo) for sNRFInfo
    main.o(.text.main) refers to nrf24.o(.text.InitNRF24) for InitNRF24
    main.o(.text.main) refers to nrf24.o(.text.ReadAllReg) for ReadAllReg
    main.o(.text.main) refers to systick.o(.text.delay) for delay
    main.o(.ARM.exidx.text.main) refers (Special) to _printf_percent.o(.ARM.Collect$$_printf_percent$$00000000) for _printf_percent
    main.o(.ARM.exidx.text.main) refers (Special) to _printf_s.o(.ARM.Collect$$_printf_percent$$00000014) for _printf_s
    main.o(.ARM.exidx.text.main) refers (Special) to _printf_str.o(.text) for _printf_str
    main.o(.ARM.exidx.text.main) refers to main.o(.text.main) for [Anonymous Symbol]
    main.o(.rodata.str1.4) refers (Special) to _printf_percent.o(.ARM.Collect$$_printf_percent$$00000000) for _printf_percent
    main.o(.rodata.str1.4) refers (Special) to _printf_s.o(.ARM.Collect$$_printf_percent$$00000014) for _printf_s
    main.o(.rodata.str1.4) refers (Special) to _printf_str.o(.text) for _printf_str
    main.o(.ARM.use_no_argv) refers (Special) to _printf_percent.o(.ARM.Collect$$_printf_percent$$00000000) for _printf_percent
    main.o(.ARM.use_no_argv) refers (Special) to _printf_s.o(.ARM.Collect$$_printf_percent$$00000014) for _printf_s
    main.o(.ARM.use_no_argv) refers (Special) to _printf_str.o(.text) for _printf_str
    system.o(.ARM.exidx.text.System_Init_72MHZ) refers to system.o(.text.System_Init_72MHZ) for [Anonymous Symbol]
    system.o(.ARM.exidx.text.System_Init_48MHZ) refers to system.o(.text.System_Init_48MHZ) for [Anonymous Symbol]
    uart.o(.ARM.exidx.text.uartInit) refers to uart.o(.text.uartInit) for [Anonymous Symbol]
    uart.o(.ARM.exidx.text.Send) refers to uart.o(.text.Send) for [Anonymous Symbol]
    spi.o(.ARM.exidx.text.spiInit) refers to spi.o(.text.spiInit) for [Anonymous Symbol]
    spi.o(.ARM.exidx.text.t_spiSend) refers to spi.o(.text.t_spiSend) for [Anonymous Symbol]
    spi.o(.text.spiSend) refers to spi.o(.text.t_spiSend) for t_spiSend
    spi.o(.ARM.exidx.text.spiSend) refers to spi.o(.text.spiSend) for [Anonymous Symbol]
    nrf24.o(.text) refers (Special) to _printf_hex_int.o(.text) for _printf_longlong_hex
    nrf24.o(.text) refers (Special) to _printf_percent.o(.ARM.Collect$$_printf_percent$$00000000) for _printf_percent
    nrf24.o(.text) refers (Special) to _printf_pad.o(.text) for _printf_pre_padding
    nrf24.o(.text) refers (Special) to _printf_x.o(.ARM.Collect$$_printf_percent$$0000000C) for _printf_x
    nrf24.o(.text.CheckNRF24) refers (Special) to _printf_hex_int.o(.text) for _printf_longlong_hex
    nrf24.o(.text.CheckNRF24) refers (Special) to _printf_percent.o(.ARM.Collect$$_printf_percent$$00000000) for _printf_percent
    nrf24.o(.text.CheckNRF24) refers (Special) to _printf_pad.o(.text) for _printf_pre_padding
    nrf24.o(.text.CheckNRF24) refers (Special) to _printf_x.o(.ARM.Collect$$_printf_percent$$0000000C) for _printf_x
    nrf24.o(.text.CheckNRF24) refers to spi.o(.text.spiSend) for spiSend
    nrf24.o(.ARM.exidx.text.CheckNRF24) refers (Special) to _printf_hex_int.o(.text) for _printf_longlong_hex
    nrf24.o(.ARM.exidx.text.CheckNRF24) refers (Special) to _printf_percent.o(.ARM.Collect$$_printf_percent$$00000000) for _printf_percent
    nrf24.o(.ARM.exidx.text.CheckNRF24) refers (Special) to _printf_pad.o(.text) for _printf_pre_padding
    nrf24.o(.ARM.exidx.text.CheckNRF24) refers (Special) to _printf_x.o(.ARM.Collect$$_printf_percent$$0000000C) for _printf_x
    nrf24.o(.ARM.exidx.text.CheckNRF24) refers to nrf24.o(.text.CheckNRF24) for [Anonymous Symbol]
    nrf24.o(.text.ReadAllReg) refers (Special) to _printf_hex_int.o(.text) for _printf_longlong_hex
    nrf24.o(.text.ReadAllReg) refers (Special) to _printf_percent.o(.ARM.Collect$$_printf_percent$$00000000) for _printf_percent
    nrf24.o(.text.ReadAllReg) refers (Special) to _printf_pad.o(.text) for _printf_pre_padding
    nrf24.o(.text.ReadAllReg) refers (Special) to _printf_x.o(.ARM.Collect$$_printf_percent$$0000000C) for _printf_x
    nrf24.o(.text.ReadAllReg) refers to nrf24.o(.rodata..L__const.ReadAllReg.regArr) for .L__const.ReadAllReg.regArr
    nrf24.o(.text.ReadAllReg) refers to uart.o(.bss.sBuff) for sBuff
    nrf24.o(.text.ReadAllReg) refers to spi.o(.text.spiSend) for spiSend
    nrf24.o(.text.ReadAllReg) refers to noretval__2sprintf.o(.text) for __2sprintf
    nrf24.o(.text.ReadAllReg) refers to uart.o(.text.Send) for Send
    nrf24.o(.ARM.exidx.text.ReadAllReg) refers (Special) to _printf_hex_int.o(.text) for _printf_longlong_hex
    nrf24.o(.ARM.exidx.text.ReadAllReg) refers (Special) to _printf_percent.o(.ARM.Collect$$_printf_percent$$00000000) for _printf_percent
    nrf24.o(.ARM.exidx.text.ReadAllReg) refers (Special) to _printf_pad.o(.text) for _printf_pre_padding
    nrf24.o(.ARM.exidx.text.ReadAllReg) refers (Special) to _printf_x.o(.ARM.Collect$$_printf_percent$$0000000C) for _printf_x
    nrf24.o(.ARM.exidx.text.ReadAllReg) refers to nrf24.o(.text.ReadAllReg) for [Anonymous Symbol]
    nrf24.o(.text.WriteNRF24) refers (Special) to _printf_hex_int.o(.text) for _printf_longlong_hex
    nrf24.o(.text.WriteNRF24) refers (Special) to _printf_percent.o(.ARM.Collect$$_printf_percent$$00000000) for _printf_percent
    nrf24.o(.text.WriteNRF24) refers (Special) to _printf_pad.o(.text) for _printf_pre_padding
    nrf24.o(.text.WriteNRF24) refers (Special) to _printf_x.o(.ARM.Collect$$_printf_percent$$0000000C) for _printf_x
    nrf24.o(.text.WriteNRF24) refers to spi.o(.text.t_spiSend) for t_spiSend
    nrf24.o(.ARM.exidx.text.WriteNRF24) refers (Special) to _printf_hex_int.o(.text) for _printf_longlong_hex
    nrf24.o(.ARM.exidx.text.WriteNRF24) refers (Special) to _printf_percent.o(.ARM.Collect$$_printf_percent$$00000000) for _printf_percent
    nrf24.o(.ARM.exidx.text.WriteNRF24) refers (Special) to _printf_pad.o(.text) for _printf_pre_padding
    nrf24.o(.ARM.exidx.text.WriteNRF24) refers (Special) to _printf_x.o(.ARM.Collect$$_printf_percent$$0000000C) for _printf_x
    nrf24.o(.ARM.exidx.text.WriteNRF24) refers to nrf24.o(.text.WriteNRF24) for [Anonymous Symbol]
    nrf24.o(.text.ReadNRF24) refers (Special) to _printf_hex_int.o(.text) for _printf_longlong_hex
    nrf24.o(.text.ReadNRF24) refers (Special) to _printf_percent.o(.ARM.Collect$$_printf_percent$$00000000) for _printf_percent
    nrf24.o(.text.ReadNRF24) refers (Special) to _printf_pad.o(.text) for _printf_pre_padding
    nrf24.o(.text.ReadNRF24) refers (Special) to _printf_x.o(.ARM.Collect$$_printf_percent$$0000000C) for _printf_x
    nrf24.o(.text.ReadNRF24) refers to spi.o(.text.spiSend) for spiSend
    nrf24.o(.ARM.exidx.text.ReadNRF24) refers (Special) to _printf_hex_int.o(.text) for _printf_longlong_hex
    nrf24.o(.ARM.exidx.text.ReadNRF24) refers (Special) to _printf_percent.o(.ARM.Collect$$_printf_percent$$00000000) for _printf_percent
    nrf24.o(.ARM.exidx.text.ReadNRF24) refers (Special) to _printf_pad.o(.text) for _printf_pre_padding
    nrf24.o(.ARM.exidx.text.ReadNRF24) refers (Special) to _printf_x.o(.ARM.Collect$$_printf_percent$$0000000C) for _printf_x
    nrf24.o(.ARM.exidx.text.ReadNRF24) refers to nrf24.o(.text.ReadNRF24) for [Anonymous Symbol]
    nrf24.o(.text.InitNRF24) refers (Special) to _printf_hex_int.o(.text) for _printf_longlong_hex
    nrf24.o(.text.InitNRF24) refers (Special) to _printf_percent.o(.ARM.Collect$$_printf_percent$$00000000) for _printf_percent
    nrf24.o(.text.InitNRF24) refers (Special) to _printf_pad.o(.text) for _printf_pre_padding
    nrf24.o(.text.InitNRF24) refers (Special) to _printf_x.o(.ARM.Collect$$_printf_percent$$0000000C) for _printf_x
    nrf24.o(.text.InitNRF24) refers to nrf24.o(.text.WriteNRF24) for WriteNRF24
    nrf24.o(.ARM.exidx.text.InitNRF24) refers (Special) to _printf_hex_int.o(.text) for _printf_longlong_hex
    nrf24.o(.ARM.exidx.text.InitNRF24) refers (Special) to _printf_percent.o(.ARM.Collect$$_printf_percent$$00000000) for _printf_percent
    nrf24.o(.ARM.exidx.text.InitNRF24) refers (Special) to _printf_pad.o(.text) for _printf_pre_padding
    nrf24.o(.ARM.exidx.text.InitNRF24) refers (Special) to _printf_x.o(.ARM.Collect$$_printf_percent$$0000000C) for _printf_x
    nrf24.o(.ARM.exidx.text.InitNRF24) refers to nrf24.o(.text.InitNRF24) for [Anonymous Symbol]
    nrf24.o(.data.sNRFInfo) refers (Special) to _printf_hex_int.o(.text) for _printf_longlong_hex
    nrf24.o(.data.sNRFInfo) refers (Special) to _printf_percent.o(.ARM.Collect$$_printf_percent$$00000000) for _printf_percent
    nrf24.o(.data.sNRFInfo) refers (Special) to _printf_pad.o(.text) for _printf_pre_padding
    nrf24.o(.data.sNRFInfo) refers (Special) to _printf_x.o(.ARM.Collect$$_printf_percent$$0000000C) for _printf_x
    nrf24.o(.rodata..L__const.ReadAllReg.regArr) refers (Special) to _printf_hex_int.o(.text) for _printf_longlong_hex
    nrf24.o(.rodata..L__const.ReadAllReg.regArr) refers (Special) to _printf_percent.o(.ARM.Collect$$_printf_percent$$00000000) for _printf_percent
    nrf24.o(.rodata..L__const.ReadAllReg.regArr) refers (Special) to _printf_pad.o(.text) for _printf_pre_padding
    nrf24.o(.rodata..L__const.ReadAllReg.regArr) refers (Special) to _printf_x.o(.ARM.Collect$$_printf_percent$$0000000C) for _printf_x
    nrf24.o(.rodata.str1.1) refers (Special) to _printf_hex_int.o(.text) for _printf_longlong_hex
    nrf24.o(.rodata.str1.1) refers (Special) to _printf_percent.o(.ARM.Collect$$_printf_percent$$00000000) for _printf_percent
    nrf24.o(.rodata.str1.1) refers (Special) to _printf_pad.o(.text) for _printf_pre_padding
    nrf24.o(.rodata.str1.1) refers (Special) to _printf_x.o(.ARM.Collect$$_printf_percent$$0000000C) for _printf_x
    timer.o(.text.sTimerStart) refers to timer.o(.bss.sTimer) for sTimer
    timer.o(.ARM.exidx.text.sTimerStart) refers to timer.o(.text.sTimerStart) for [Anonymous Symbol]
    systick.o(.ARM.exidx.text.SysTick_Init) refers to systick.o(.text.SysTick_Init) for [Anonymous Symbol]
    systick.o(.text.SysTick_Handler) refers to systick.o(.bss.sys_timecount) for sys_timecount
    systick.o(.ARM.exidx.text.SysTick_Handler) refers to systick.o(.text.SysTick_Handler) for [Anonymous Symbol]
    systick.o(.text.delay) refers to systick.o(.bss.sys_timecount) for sys_timecount
    systick.o(.ARM.exidx.text.delay) refers to systick.o(.text.delay) for [Anonymous Symbol]
    nvic.o(.text) refers (Special) to _printf_dec.o(.text) for _printf_int_dec
    nvic.o(.text) refers (Special) to _printf_percent.o(.ARM.Collect$$_printf_percent$$00000000) for _printf_percent
    nvic.o(.text) refers (Special) to _printf_u.o(.ARM.Collect$$_printf_percent$$0000000A) for _printf_u
    nvic.o(.text.NVIC_Init) refers (Special) to _printf_dec.o(.text) for _printf_int_dec
    nvic.o(.text.NVIC_Init) refers (Special) to _printf_percent.o(.ARM.Collect$$_printf_percent$$00000000) for _printf_percent
    nvic.o(.text.NVIC_Init) refers (Special) to _printf_u.o(.ARM.Collect$$_printf_percent$$0000000A) for _printf_u
    nvic.o(.text.NVIC_Init) refers to nvic.o(.text.__NVIC_EnableIRQ) for __NVIC_EnableIRQ
    nvic.o(.ARM.exidx.text.NVIC_Init) refers (Special) to _printf_dec.o(.text) for _printf_int_dec
    nvic.o(.ARM.exidx.text.NVIC_Init) refers (Special) to _printf_percent.o(.ARM.Collect$$_printf_percent$$00000000) for _printf_percent
    nvic.o(.ARM.exidx.text.NVIC_Init) refers (Special) to _printf_u.o(.ARM.Collect$$_printf_percent$$0000000A) for _printf_u
    nvic.o(.ARM.exidx.text.NVIC_Init) refers to nvic.o(.text.NVIC_Init) for [Anonymous Symbol]
    nvic.o(.text.__NVIC_EnableIRQ) refers (Special) to _printf_dec.o(.text) for _printf_int_dec
    nvic.o(.text.__NVIC_EnableIRQ) refers (Special) to _printf_percent.o(.ARM.Collect$$_printf_percent$$00000000) for _printf_percent
    nvic.o(.text.__NVIC_EnableIRQ) refers (Special) to _printf_u.o(.ARM.Collect$$_printf_percent$$0000000A) for _printf_u
    nvic.o(.ARM.exidx.text.__NVIC_EnableIRQ) refers (Special) to _printf_dec.o(.text) for _printf_int_dec
    nvic.o(.ARM.exidx.text.__NVIC_EnableIRQ) refers (Special) to _printf_percent.o(.ARM.Collect$$_printf_percent$$00000000) for _printf_percent
    nvic.o(.ARM.exidx.text.__NVIC_EnableIRQ) refers (Special) to _printf_u.o(.ARM.Collect$$_printf_percent$$0000000A) for _printf_u
    nvic.o(.ARM.exidx.text.__NVIC_EnableIRQ) refers to nvic.o(.text.__NVIC_EnableIRQ) for [Anonymous Symbol]
    nvic.o(.text.EXTI15_10_IRQHandler) refers (Special) to _printf_dec.o(.text) for _printf_int_dec
    nvic.o(.text.EXTI15_10_IRQHandler) refers (Special) to _printf_percent.o(.ARM.Collect$$_printf_percent$$00000000) for _printf_percent
    nvic.o(.text.EXTI15_10_IRQHandler) refers (Special) to _printf_u.o(.ARM.Collect$$_printf_percent$$0000000A) for _printf_u
    nvic.o(.text.EXTI15_10_IRQHandler) refers to nvic.o(.bss.r) for r
    nvic.o(.text.EXTI15_10_IRQHandler) refers to nrf24.o(.text.ReadNRF24) for ReadNRF24
    nvic.o(.text.EXTI15_10_IRQHandler) refers to uart.o(.bss.sBuff) for sBuff
    nvic.o(.text.EXTI15_10_IRQHandler) refers to noretval__2sprintf.o(.text) for __2sprintf
    nvic.o(.text.EXTI15_10_IRQHandler) refers to uart.o(.text.Send) for Send
    nvic.o(.text.EXTI15_10_IRQHandler) refers to nrf24.o(.data.sNRFInfo) for sNRFInfo
    nvic.o(.text.EXTI15_10_IRQHandler) refers to nrf24.o(.text.WriteNRF24) for WriteNRF24
    nvic.o(.ARM.exidx.text.EXTI15_10_IRQHandler) refers (Special) to _printf_dec.o(.text) for _printf_int_dec
    nvic.o(.ARM.exidx.text.EXTI15_10_IRQHandler) refers (Special) to _printf_percent.o(.ARM.Collect$$_printf_percent$$00000000) for _printf_percent
    nvic.o(.ARM.exidx.text.EXTI15_10_IRQHandler) refers (Special) to _printf_u.o(.ARM.Collect$$_printf_percent$$0000000A) for _printf_u
    nvic.o(.ARM.exidx.text.EXTI15_10_IRQHandler) refers to nvic.o(.text.EXTI15_10_IRQHandler) for [Anonymous Symbol]
    nvic.o(.bss.r) refers (Special) to _printf_dec.o(.text) for _printf_int_dec
    nvic.o(.bss.r) refers (Special) to _printf_percent.o(.ARM.Collect$$_printf_percent$$00000000) for _printf_percent
    nvic.o(.bss.r) refers (Special) to _printf_u.o(.ARM.Collect$$_printf_percent$$0000000A) for _printf_u
    nvic.o(.rodata.str1.1) refers (Special) to _printf_dec.o(.text) for _printf_int_dec
    nvic.o(.rodata.str1.1) refers (Special) to _printf_percent.o(.ARM.Collect$$_printf_percent$$00000000) for _printf_percent
    nvic.o(.rodata.str1.1) refers (Special) to _printf_u.o(.ARM.Collect$$_printf_percent$$0000000A) for _printf_u
    startup_stm32f10x_md.o(STACK) refers (Special) to heapauxi.o(.text) for __use_two_region_memory
    startup_stm32f10x_md.o(HEAP) refers (Special) to heapauxi.o(.text) for __use_two_region_memory
    startup_stm32f10x_md.o(RESET) refers (Special) to heapauxi.o(.text) for __use_two_region_memory
    startup_stm32f10x_md.o(RESET) refers to startup_stm32f10x_md.o(STACK) for __initial_sp
    startup_stm32f10x_md.o(RESET) refers to startup_stm32f10x_md.o(.text) for Reset_Handler
    startup_stm32f10x_md.o(RESET) refers to systick.o(.text.SysTick_Handler) for SysTick_Handler
    startup_stm32f10x_md.o(RESET) refers to nvic.o(.text.EXTI15_10_IRQHandler) for EXTI15_10_IRQHandler
    startup_stm32f10x_md.o(.text) refers (Special) to heapauxi.o(.text) for __use_two_region_memory
    startup_stm32f10x_md.o(.text) refers to system_stm32f10x.o(.text.SystemInit) for SystemInit
    startup_stm32f10x_md.o(.text) refers to __main.o(!!!main) for __main
    startup_stm32f10x_md.o(.text) refers to startup_stm32f10x_md.o(HEAP) for Heap_Mem
    startup_stm32f10x_md.o(.text) refers to startup_stm32f10x_md.o(STACK) for Stack_Mem
    system_stm32f10x.o(.text.SystemInit) refers to system_stm32f10x.o(.text.SetSysClock) for SetSysClock
    system_stm32f10x.o(.ARM.exidx.text.SystemInit) refers to system_stm32f10x.o(.text.SystemInit) for [Anonymous Symbol]
    system_stm32f10x.o(.text.SetSysClock) refers to system_stm32f10x.o(.text.SetSysClockTo72) for SetSysClockTo72
    system_stm32f10x.o(.ARM.exidx.text.SetSysClock) refers to system_stm32f10x.o(.text.SetSysClock) for [Anonymous Symbol]
    system_stm32f10x.o(.text.SystemCoreClockUpdate) refers to system_stm32f10x.o(.data.SystemCoreClock) for SystemCoreClock
    system_stm32f10x.o(.text.SystemCoreClockUpdate) refers to system_stm32f10x.o(.rodata.AHBPrescTable) for AHBPrescTable
    system_stm32f10x.o(.ARM.exidx.text.SystemCoreClockUpdate) refers to system_stm32f10x.o(.text.SystemCoreClockUpdate) for [Anonymous Symbol]
    system_stm32f10x.o(.ARM.exidx.text.SetSysClockTo72) refers to system_stm32f10x.o(.text.SetSysClockTo72) for [Anonymous Symbol]
    __2sprintf.o(.text) refers to _printf_char_common.o(.text) for _printf_char_common
    __2sprintf.o(.text) refers to _sputc.o(.text) for _sputc
    noretval__2sprintf.o(.text) refers to _printf_char_common.o(.text) for _printf_char_common
    noretval__2sprintf.o(.text) refers to _sputc.o(.text) for _sputc
    __printf.o(.text) refers to _printf_percent.o(.ARM.Collect$$_printf_percent$$00000000) for _printf_percent
    _printf_str.o(.text) refers (Special) to _printf_char.o(.text) for _printf_cs_common
    _printf_str.o(.text) refers (Weak) to _printf_pad.o(.text) for _printf_pre_padding
    _printf_str.o(.text) refers (Weak) to _printf_pad.o(.text) for _printf_post_padding
    _printf_dec.o(.text) refers to _printf_intcommon.o(.text) for _printf_int_common
    _printf_hex_ll.o(.text) refers to _printf_intcommon.o(.text) for _printf_int_common
    _printf_hex_ll.o(.text) refers to _printf_hex_ll.o(.constdata) for .constdata
    _printf_hex_int.o(.text) refers to _printf_intcommon.o(.text) for _printf_int_common
    _printf_hex_int.o(.text) refers to _printf_hex_int.o(.constdata) for .constdata
    _printf_hex_int_ll.o(.text) refers to _printf_intcommon.o(.text) for _printf_int_common
    _printf_hex_int_ll.o(.text) refers to _printf_hex_int_ll.o(.constdata) for .constdata
    _printf_hex_ptr.o(.text) refers to _printf_intcommon.o(.text) for _printf_int_common
    _printf_hex_ptr.o(.text) refers to _printf_hex_ptr.o(.constdata) for .constdata
    _printf_hex_int_ptr.o(.text) refers to _printf_intcommon.o(.text) for _printf_int_common
    _printf_hex_int_ptr.o(.text) refers to _printf_hex_int_ptr.o(.constdata) for .constdata
    _printf_hex_ll_ptr.o(.text) refers to _printf_intcommon.o(.text) for _printf_int_common
    _printf_hex_ll_ptr.o(.text) refers to _printf_hex_ll_ptr.o(.constdata) for .constdata
    _printf_hex_int_ll_ptr.o(.text) refers to _printf_intcommon.o(.text) for _printf_int_common
    _printf_hex_int_ll_ptr.o(.text) refers to _printf_hex_int_ll_ptr.o(.constdata) for .constdata
    __printf_flags.o(.text) refers to _printf_percent.o(.ARM.Collect$$_printf_percent$$00000000) for _printf_percent
    __printf_flags.o(.text) refers to __printf_flags.o(.constdata) for .constdata
    __printf_ss.o(.text) refers to _printf_percent.o(.ARM.Collect$$_printf_percent$$00000000) for _printf_percent
    __printf_flags_ss.o(.text) refers to _printf_percent.o(.ARM.Collect$$_printf_percent$$00000000) for _printf_percent
    __printf_flags_ss.o(.text) refers to __printf_flags_ss.o(.constdata) for .constdata
    __printf_wp.o(.text) refers to __printf_wp.o(i._is_digit) for _is_digit
    __printf_wp.o(.text) refers to _printf_percent.o(.ARM.Collect$$_printf_percent$$00000000) for _printf_percent
    __printf_flags_wp.o(.text) refers to __printf_wp.o(i._is_digit) for _is_digit
    __printf_flags_wp.o(.text) refers to _printf_percent.o(.ARM.Collect$$_printf_percent$$00000000) for _printf_percent
    __printf_flags_wp.o(.text) refers to __printf_flags_wp.o(.constdata) for .constdata
    __printf_ss_wp.o(.text) refers to __printf_wp.o(i._is_digit) for _is_digit
    __printf_ss_wp.o(.text) refers to _printf_percent.o(.ARM.Collect$$_printf_percent$$00000000) for _printf_percent
    __printf_flags_ss_wp.o(.text) refers to __printf_wp.o(i._is_digit) for _is_digit
    __printf_flags_ss_wp.o(.text) refers to _printf_percent.o(.ARM.Collect$$_printf_percent$$00000000) for _printf_percent
    __printf_flags_ss_wp.o(.text) refers to __printf_flags_ss_wp.o(.constdata) for .constdata
    _printf_s.o(.ARM.Collect$$_printf_percent$$00000014) refers (Weak) to _printf_char.o(.text) for _printf_string
    _printf_x.o(.ARM.Collect$$_printf_percent$$0000000C) refers (Weak) to _printf_hex_int.o(.text) for _printf_int_hex
    _printf_u.o(.ARM.Collect$$_printf_percent$$0000000A) refers (Weak) to _printf_dec.o(.text) for _printf_int_dec
    _printf_percent.o(.ARM.Collect$$_printf_percent$$00000000) refers (Special) to _printf_percent_end.o(.ARM.Collect$$_printf_percent$$00000017) for _printf_percent_end
    rt_memcpy_v6.o(.text) refers to rt_memcpy_w.o(.text) for __aeabi_memcpy4
    __main.o(!!!main) refers to __rtentry.o(.ARM.Collect$$rtentry$$00000000) for __rt_entry
    __rtentry.o(.ARM.Collect$$rtentry$$00000000) refers (Special) to __rtentry2.o(.ARM.Collect$$rtentry$$0000000A) for __rt_entry_li
    __rtentry.o(.ARM.Collect$$rtentry$$00000000) refers (Special) to __rtentry2.o(.ARM.Collect$$rtentry$$0000000D) for __rt_entry_main
    __rtentry.o(.ARM.Collect$$rtentry$$00000000) refers (Special) to __rtentry2.o(.ARM.Collect$$rtentry$$0000000C) for __rt_entry_postli_1
    __rtentry.o(.ARM.Collect$$rtentry$$00000000) refers (Special) to __rtentry2.o(.ARM.Collect$$rtentry$$00000009) for __rt_entry_postsh_1
    __rtentry.o(.ARM.Collect$$rtentry$$00000000) refers (Special) to __rtentry2.o(.ARM.Collect$$rtentry$$00000002) for __rt_entry_presh_1
    __rtentry.o(.ARM.Collect$$rtentry$$00000000) refers (Special) to __rtentry4.o(.ARM.Collect$$rtentry$$00000004) for __rt_entry_sh
    _printf_intcommon.o(.text) refers (Weak) to _printf_pad.o(.text) for _printf_pre_padding
    _printf_intcommon.o(.text) refers (Weak) to _printf_pad.o(.text) for _printf_pre_padding
    _printf_intcommon.o(.text) refers (Weak) to _printf_pad.o(.text) for _printf_post_padding
    _printf_char_common.o(.text) refers to __printf_flags_wp.o(.text) for __printf
    _printf_char.o(.text) refers (Weak) to _printf_str.o(.text) for _printf_str
    __rtentry2.o(.ARM.Collect$$rtentry$$00000008) refers to boardinit2.o(.text) for _platform_post_stackheap_init
    __rtentry2.o(.ARM.Collect$$rtentry$$0000000A) refers to libinit.o(.ARM.Collect$$libinit$$00000000) for __rt_lib_init
    __rtentry2.o(.ARM.Collect$$rtentry$$0000000B) refers to boardinit3.o(.text) for _platform_post_lib_init
    __rtentry2.o(.ARM.Collect$$rtentry$$0000000D) refers to main.o(.text.main) for main
    __rtentry2.o(.ARM.Collect$$rtentry$$0000000D) refers to exit.o(.text) for exit
    __rtentry2.o(.ARM.exidx) refers to __rtentry2.o(.ARM.Collect$$rtentry$$00000001) for .ARM.Collect$$rtentry$$00000001
    __rtentry2.o(.ARM.exidx) refers to __rtentry2.o(.ARM.Collect$$rtentry$$00000008) for .ARM.Collect$$rtentry$$00000008
    __rtentry2.o(.ARM.exidx) refers to __rtentry2.o(.ARM.Collect$$rtentry$$0000000A) for .ARM.Collect$$rtentry$$0000000A
    __rtentry2.o(.ARM.exidx) refers to __rtentry2.o(.ARM.Collect$$rtentry$$0000000B) for .ARM.Collect$$rtentry$$0000000B
    __rtentry2.o(.ARM.exidx) refers to __rtentry2.o(.ARM.Collect$$rtentry$$0000000D) for .ARM.Collect$$rtentry$$0000000D
    __rtentry4.o(.ARM.Collect$$rtentry$$00000004) refers to sys_stackheap_outer.o(.text) for __user_setup_stackheap
    __rtentry4.o(.ARM.exidx) refers to __rtentry4.o(.ARM.Collect$$rtentry$$00000004) for .ARM.Collect$$rtentry$$00000004
    sys_stackheap_outer.o(.text) refers to libspace.o(.text) for __user_perproc_libspace
    sys_stackheap_outer.o(.text) refers to startup_stm32f10x_md.o(.text) for __user_initial_stackheap
    exit.o(.text) refers to rtexit.o(.ARM.Collect$$rtexit$$00000000) for __rt_exit
    libinit.o(.ARM.Collect$$libinit$$00000000) refers (Special) to libinit2.o(.ARM.Collect$$libinit$$0000002E) for __rt_lib_init_alloca_1
    libinit.o(.ARM.Collect$$libinit$$00000000) refers (Special) to libinit2.o(.ARM.Collect$$libinit$$0000002C) for __rt_lib_init_argv_1
    libinit.o(.ARM.Collect$$libinit$$00000000) refers (Special) to libinit2.o(.ARM.Collect$$libinit$$0000001B) for __rt_lib_init_atexit_1
    libinit.o(.ARM.Collect$$libinit$$00000000) refers (Special) to libinit2.o(.ARM.Collect$$libinit$$00000021) for __rt_lib_init_clock_1
    libinit.o(.ARM.Collect$$libinit$$00000000) refers (Special) to libinit2.o(.ARM.Collect$$libinit$$00000032) for __rt_lib_init_cpp_1
    libinit.o(.ARM.Collect$$libinit$$00000000) refers (Special) to libinit2.o(.ARM.Collect$$libinit$$00000030) for __rt_lib_init_exceptions_1
    libinit.o(.ARM.Collect$$libinit$$00000000) refers (Special) to libinit2.o(.ARM.Collect$$libinit$$00000002) for __rt_lib_init_fp_1
    libinit.o(.ARM.Collect$$libinit$$00000000) refers (Special) to libinit2.o(.ARM.Collect$$libinit$$0000001F) for __rt_lib_init_fp_trap_1
    libinit.o(.ARM.Collect$$libinit$$00000000) refers (Special) to libinit2.o(.ARM.Collect$$libinit$$00000023) for __rt_lib_init_getenv_1
    libinit.o(.ARM.Collect$$libinit$$00000000) refers (Special) to libinit2.o(.ARM.Collect$$libinit$$0000000A) for __rt_lib_init_heap_1
    libinit.o(.ARM.Collect$$libinit$$00000000) refers (Special) to libinit2.o(.ARM.Collect$$libinit$$00000011) for __rt_lib_init_lc_collate_1
    libinit.o(.ARM.Collect$$libinit$$00000000) refers (Special) to libinit2.o(.ARM.Collect$$libinit$$00000013) for __rt_lib_init_lc_ctype_1
    libinit.o(.ARM.Collect$$libinit$$00000000) refers (Special) to libinit2.o(.ARM.Collect$$libinit$$00000015) for __rt_lib_init_lc_monetary_1
    libinit.o(.ARM.Collect$$libinit$$00000000) refers (Special) to libinit2.o(.ARM.Collect$$libinit$$00000017) for __rt_lib_init_lc_numeric_1
    libinit.o(.ARM.Collect$$libinit$$00000000) refers (Special) to libinit2.o(.ARM.Collect$$libinit$$00000019) for __rt_lib_init_lc_time_1
    libinit.o(.ARM.Collect$$libinit$$00000000) refers (Special) to libinit2.o(.ARM.Collect$$libinit$$00000004) for __rt_lib_init_preinit_1
    libinit.o(.ARM.Collect$$libinit$$00000000) refers (Special) to libinit2.o(.ARM.Collect$$libinit$$0000000E) for __rt_lib_init_rand_1
    libinit.o(.ARM.Collect$$libinit$$00000000) refers (Special) to libinit2.o(.ARM.Collect$$libinit$$00000033) for __rt_lib_init_return
    libinit.o(.ARM.Collect$$libinit$$00000000) refers (Special) to libinit2.o(.ARM.Collect$$libinit$$0000001D) for __rt_lib_init_signal_1
    libinit.o(.ARM.Collect$$libinit$$00000000) refers (Special) to libinit2.o(.ARM.Collect$$libinit$$00000025) for __rt_lib_init_stdio_1
    libinit.o(.ARM.Collect$$libinit$$00000000) refers (Special) to libinit2.o(.ARM.Collect$$libinit$$0000000C) for __rt_lib_init_user_alloc_1
    libspace.o(.text) refers to libspace.o(.bss) for __libspace_start
    rtexit.o(.ARM.Collect$$rtexit$$00000000) refers (Special) to rtexit2.o(.ARM.Collect$$rtexit$$00000004) for __rt_exit_exit
    rtexit.o(.ARM.Collect$$rtexit$$00000000) refers (Special) to rtexit2.o(.ARM.Collect$$rtexit$$00000003) for __rt_exit_ls
    rtexit.o(.ARM.Collect$$rtexit$$00000000) refers (Special) to rtexit2.o(.ARM.Collect$$rtexit$$00000002) for __rt_exit_prels_1
    rtexit.o(.ARM.exidx) refers (Special) to rtexit2.o(.ARM.Collect$$rtexit$$00000004) for __rt_exit_exit
    rtexit.o(.ARM.exidx) refers (Special) to rtexit2.o(.ARM.Collect$$rtexit$$00000003) for __rt_exit_ls
    rtexit.o(.ARM.exidx) refers (Special) to rtexit2.o(.ARM.Collect$$rtexit$$00000002) for __rt_exit_prels_1
    rtexit.o(.ARM.exidx) refers to rtexit.o(.ARM.Collect$$rtexit$$00000000) for .ARM.Collect$$rtexit$$00000000
    libinit2.o(.ARM.Collect$$libinit$$00000010) refers to libinit2.o(.ARM.Collect$$libinit$$0000000F) for .ARM.Collect$$libinit$$0000000F
    libinit2.o(.ARM.Collect$$libinit$$00000012) refers to libinit2.o(.ARM.Collect$$libinit$$0000000F) for .ARM.Collect$$libinit$$0000000F
    libinit2.o(.ARM.Collect$$libinit$$00000014) refers to libinit2.o(.ARM.Collect$$libinit$$0000000F) for .ARM.Collect$$libinit$$0000000F
    libinit2.o(.ARM.Collect$$libinit$$00000016) refers to libinit2.o(.ARM.Collect$$libinit$$0000000F) for .ARM.Collect$$libinit$$0000000F
    libinit2.o(.ARM.Collect$$libinit$$00000018) refers to libinit2.o(.ARM.Collect$$libinit$$0000000F) for .ARM.Collect$$libinit$$0000000F
    libinit2.o(.ARM.Collect$$libinit$$00000026) refers to argv_veneer.o(.emb_text) for __ARM_argv_veneer
    libinit2.o(.ARM.Collect$$libinit$$00000027) refers to argv_veneer.o(.emb_text) for __ARM_argv_veneer
    rtexit2.o(.ARM.Collect$$rtexit$$00000003) refers to libshutdown.o(.ARM.Collect$$libshutdown$$00000000) for __rt_lib_shutdown
    rtexit2.o(.ARM.Collect$$rtexit$$00000004) refers to sys_exit.o(.text) for _sys_exit
    rtexit2.o(.ARM.exidx) refers to rtexit2.o(.ARM.Collect$$rtexit$$00000001) for .ARM.Collect$$rtexit$$00000001
    rtexit2.o(.ARM.exidx) refers to rtexit2.o(.ARM.Collect$$rtexit$$00000003) for .ARM.Collect$$rtexit$$00000003
    rtexit2.o(.ARM.exidx) refers to rtexit2.o(.ARM.Collect$$rtexit$$00000004) for .ARM.Collect$$rtexit$$00000004
    argv_veneer.o(.emb_text) refers to no_argv.o(.text) for __ARM_get_argv
    sys_exit.o(.text) refers (Special) to use_no_semi.o(.text) for __I$use$semihosting
    sys_exit.o(.text) refers (Special) to indicate_semi.o(.text) for __semihosting_library_function
    sys_exit_hlt.o(.text) refers (Special) to use_no_semi.o(.text) for __I$use$semihosting
    sys_exit_hlt.o(.text) refers (Special) to indicate_semi.o(.text) for __semihosting_library_function
    _get_argv_nomalloc.o(.text) refers (Special) to hrguard.o(.text) for __heap_region$guard
    _get_argv_nomalloc.o(.text) refers to defsig_rtmem_outer.o(.text) for __rt_SIGRTMEM
    _get_argv_nomalloc.o(.text) refers to sys_command.o(.text) for _sys_command_string
    libshutdown.o(.ARM.Collect$$libshutdown$$00000000) refers (Special) to libshutdown2.o(.ARM.Collect$$libshutdown$$00000002) for __rt_lib_shutdown_cpp_1
    libshutdown.o(.ARM.Collect$$libshutdown$$00000000) refers (Special) to libshutdown2.o(.ARM.Collect$$libshutdown$$00000007) for __rt_lib_shutdown_fp_trap_1
    libshutdown.o(.ARM.Collect$$libshutdown$$00000000) refers (Special) to libshutdown2.o(.ARM.Collect$$libshutdown$$0000000F) for __rt_lib_shutdown_heap_1
    libshutdown.o(.ARM.Collect$$libshutdown$$00000000) refers (Special) to libshutdown2.o(.ARM.Collect$$libshutdown$$00000010) for __rt_lib_shutdown_return
    libshutdown.o(.ARM.Collect$$libshutdown$$00000000) refers (Special) to libshutdown2.o(.ARM.Collect$$libshutdown$$0000000A) for __rt_lib_shutdown_signal_1
    libshutdown.o(.ARM.Collect$$libshutdown$$00000000) refers (Special) to libshutdown2.o(.ARM.Collect$$libshutdown$$00000004) for __rt_lib_shutdown_stdio_1
    libshutdown.o(.ARM.Collect$$libshutdown$$00000000) refers (Special) to libshutdown2.o(.ARM.Collect$$libshutdown$$0000000C) for __rt_lib_shutdown_user_alloc_1
    sys_command.o(.text) refers (Special) to use_no_semi.o(.text) for __I$use$semihosting
    sys_command.o(.text) refers (Special) to indicate_semi.o(.text) for __semihosting_library_function
    sys_command_hlt.o(.text) refers (Special) to use_no_semi.o(.text) for __I$use$semihosting
    sys_command_hlt.o(.text) refers (Special) to indicate_semi.o(.text) for __semihosting_library_function
    defsig_rtmem_outer.o(.text) refers to defsig_rtmem_inner.o(.text) for __rt_SIGRTMEM_inner
    defsig_rtmem_outer.o(.text) refers to defsig_exit.o(.text) for __sig_exit
    defsig_rtmem_formal.o(.text) refers to rt_raise.o(.text) for __rt_raise
    rt_raise.o(.text) refers to __raise.o(.text) for __raise
    rt_raise.o(.text) refers to sys_exit.o(.text) for _sys_exit
    defsig_exit.o(.text) refers to sys_exit.o(.text) for _sys_exit
    defsig_rtmem_inner.o(.text) refers to defsig_general.o(.text) for __default_signal_display
    __raise.o(.text) refers to defsig.o(CL$$defsig) for __default_signal_handler
    defsig_general.o(.text) refers to sys_wrch.o(.text) for _ttywrch
    sys_wrch.o(.text) refers (Special) to use_no_semi.o(.text) for __I$use$semihosting
    sys_wrch.o(.text) refers (Special) to indicate_semi.o(.text) for __semihosting_library_function
    sys_wrch_hlt.o(.text) refers (Special) to use_no_semi.o(.text) for __I$use$semihosting
    sys_wrch_hlt.o(.text) refers (Special) to indicate_semi.o(.text) for __semihosting_library_function
    defsig.o(CL$$defsig) refers to defsig_rtmem_inner.o(.text) for __rt_SIGRTMEM_inner
    defsig_abrt_inner.o(.text) refers to defsig_general.o(.text) for __default_signal_display
    defsig_fpe_inner.o(.text) refers to defsig_general.o(.text) for __default_signal_display
    defsig_rtred_inner.o(.text) refers to defsig_general.o(.text) for __default_signal_display
    defsig_stak_inner.o(.text) refers to defsig_general.o(.text) for __default_signal_display
    defsig_pvfn_inner.o(.text) refers to defsig_general.o(.text) for __default_signal_display
    defsig_cppl_inner.o(.text) refers to defsig_general.o(.text) for __default_signal_display
    defsig_segv_inner.o(.text) refers to defsig_general.o(.text) for __default_signal_display
    defsig_other.o(.text) refers to defsig_general.o(.text) for __default_signal_display


==============================================================================

Removing Unused input sections from the image.

    Removing main.o(.text), (0 bytes).
    Removing main.o(.ARM.exidx.text.main), (8 bytes).
    Removing main.o(.ARM.use_no_argv), (4 bytes).
    Removing system.o(.text), (0 bytes).
    Removing system.o(.ARM.exidx.text.System_Init_72MHZ), (8 bytes).
    Removing system.o(.text.System_Init_48MHZ), (74 bytes).
    Removing system.o(.ARM.exidx.text.System_Init_48MHZ), (8 bytes).
    Removing uart.o(.text), (0 bytes).
    Removing uart.o(.ARM.exidx.text.uartInit), (8 bytes).
    Removing uart.o(.ARM.exidx.text.Send), (8 bytes).
    Removing spi.o(.text), (0 bytes).
    Removing spi.o(.ARM.exidx.text.spiInit), (8 bytes).
    Removing spi.o(.ARM.exidx.text.t_spiSend), (8 bytes).
    Removing spi.o(.ARM.exidx.text.spiSend), (8 bytes).
    Removing nrf24.o(.text), (0 bytes).
    Removing nrf24.o(.ARM.exidx.text.CheckNRF24), (8 bytes).
    Removing nrf24.o(.ARM.exidx.text.ReadAllReg), (8 bytes).
    Removing nrf24.o(.ARM.exidx.text.WriteNRF24), (8 bytes).
    Removing nrf24.o(.ARM.exidx.text.ReadNRF24), (8 bytes).
    Removing nrf24.o(.ARM.exidx.text.InitNRF24), (8 bytes).
    Removing nrf24.o(.rodata.str1.1), (3 bytes).
    Removing timer.o(.text), (0 bytes).
    Removing timer.o(.text.sTimerStart), (18 bytes).
    Removing timer.o(.ARM.exidx.text.sTimerStart), (8 bytes).
    Removing timer.o(.bss.sTimer), (16 bytes).
    Removing systick.o(.text), (0 bytes).
    Removing systick.o(.ARM.exidx.text.SysTick_Init), (8 bytes).
    Removing systick.o(.ARM.exidx.text.SysTick_Handler), (8 bytes).
    Removing systick.o(.ARM.exidx.text.delay), (8 bytes).
    Removing nvic.o(.text), (0 bytes).
    Removing nvic.o(.ARM.exidx.text.NVIC_Init), (8 bytes).
    Removing nvic.o(.ARM.exidx.text.__NVIC_EnableIRQ), (8 bytes).
    Removing nvic.o(.ARM.exidx.text.EXTI15_10_IRQHandler), (8 bytes).
    Removing nvic.o(.rodata.str1.1), (5 bytes).
    Removing system_stm32f10x.o(.text), (0 bytes).
    Removing system_stm32f10x.o(.ARM.exidx.text.SystemInit), (8 bytes).
    Removing system_stm32f10x.o(.ARM.exidx.text.SetSysClock), (8 bytes).
    Removing system_stm32f10x.o(.text.SystemCoreClockUpdate), (110 bytes).
    Removing system_stm32f10x.o(.ARM.exidx.text.SystemCoreClockUpdate), (8 bytes).
    Removing system_stm32f10x.o(.ARM.exidx.text.SetSysClockTo72), (8 bytes).
    Removing system_stm32f10x.o(.data.SystemCoreClock), (4 bytes).
    Removing system_stm32f10x.o(.rodata.AHBPrescTable), (16 bytes).

42 unused section(s) (total 442 bytes) removed from the image.

==============================================================================

Image Symbol Table

    Local Symbols

    Symbol Name                              Value     Ov Type        Size  Object(Section)

    ../clib/angel/boardlib.s                 0x00000000   Number         0  boardinit1.o ABSOLUTE
    ../clib/angel/boardlib.s                 0x00000000   Number         0  boardinit2.o ABSOLUTE
    ../clib/angel/boardlib.s                 0x00000000   Number         0  boardinit3.o ABSOLUTE
    ../clib/angel/boardlib.s                 0x00000000   Number         0  boardshut.o ABSOLUTE
    ../clib/angel/handlers.s                 0x00000000   Number         0  __scatter_copy.o ABSOLUTE
    ../clib/angel/handlers.s                 0x00000000   Number         0  __scatter_zi.o ABSOLUTE
    ../clib/angel/kernel.s                   0x00000000   Number         0  __rtentry.o ABSOLUTE
    ../clib/angel/kernel.s                   0x00000000   Number         0  __rtentry2.o ABSOLUTE
    ../clib/angel/kernel.s                   0x00000000   Number         0  __rtentry4.o ABSOLUTE
    ../clib/angel/kernel.s                   0x00000000   Number         0  rtexit.o ABSOLUTE
    ../clib/angel/kernel.s                   0x00000000   Number         0  rtexit2.o ABSOLUTE
    ../clib/angel/rt.s                       0x00000000   Number         0  rt_raise.o ABSOLUTE
    ../clib/angel/scatter.s                  0x00000000   Number         0  __scatter.o ABSOLUTE
    ../clib/angel/startup.s                  0x00000000   Number         0  __main.o ABSOLUTE
    ../clib/angel/sys.s                      0x00000000   Number         0  sys_stackheap_outer.o ABSOLUTE
    ../clib/angel/sys.s                      0x00000000   Number         0  libspace.o ABSOLUTE
    ../clib/angel/sys.s                      0x00000000   Number         0  use_no_semi.o ABSOLUTE
    ../clib/angel/sys.s                      0x00000000   Number         0  indicate_semi.o ABSOLUTE
    ../clib/angel/sysapp.c                   0x00000000   Number         0  sys_exit.o ABSOLUTE
    ../clib/angel/sysapp.c                   0x00000000   Number         0  sys_exit_hlt.o ABSOLUTE
    ../clib/angel/sysapp.c                   0x00000000   Number         0  sys_command.o ABSOLUTE
    ../clib/angel/sysapp.c                   0x00000000   Number         0  sys_command_hlt.o ABSOLUTE
    ../clib/angel/sysapp.c                   0x00000000   Number         0  sys_wrch.o ABSOLUTE
    ../clib/angel/sysapp.c                   0x00000000   Number         0  sys_wrch_hlt.o ABSOLUTE
    ../clib/armsys.c                         0x00000000   Number         0  argv_veneer.o ABSOLUTE
    ../clib/armsys.c                         0x00000000   Number         0  argv_veneer.o ABSOLUTE
    ../clib/armsys.c                         0x00000000   Number         0  _get_argv_nomalloc.o ABSOLUTE
    ../clib/armsys.c                         0x00000000   Number         0  no_argv.o ABSOLUTE
    ../clib/heapalloc.c                      0x00000000   Number         0  hrguard.o ABSOLUTE
    ../clib/heapaux.c                        0x00000000   Number         0  heapauxi.o ABSOLUTE
    ../clib/libinit.s                        0x00000000   Number         0  libinit.o ABSOLUTE
    ../clib/libinit.s                        0x00000000   Number         0  libinit2.o ABSOLUTE
    ../clib/libinit.s                        0x00000000   Number         0  libshutdown.o ABSOLUTE
    ../clib/libinit.s                        0x00000000   Number         0  libshutdown2.o ABSOLUTE
    ../clib/memcpset.s                       0x00000000   Number         0  rt_memcpy_v6.o ABSOLUTE
    ../clib/memcpset.s                       0x00000000   Number         0  rt_memcpy_w.o ABSOLUTE
    ../clib/misc.s                           0x00000000   Number         0  printf_stubs.o ABSOLUTE
    ../clib/printf.c                         0x00000000   Number         0  __2sprintf.o ABSOLUTE
    ../clib/printf.c                         0x00000000   Number         0  noretval__2sprintf.o ABSOLUTE
    ../clib/printf.c                         0x00000000   Number         0  __printf.o ABSOLUTE
    ../clib/printf.c                         0x00000000   Number         0  _printf_pad.o ABSOLUTE
    ../clib/printf.c                         0x00000000   Number         0  _printf_str.o ABSOLUTE
    ../clib/printf.c                         0x00000000   Number         0  _printf_dec.o ABSOLUTE
    ../clib/printf.c                         0x00000000   Number         0  _printf_hex_ll.o ABSOLUTE
    ../clib/printf.c                         0x00000000   Number         0  _printf_hex_int.o ABSOLUTE
    ../clib/printf.c                         0x00000000   Number         0  _printf_hex_int_ll.o ABSOLUTE
    ../clib/printf.c                         0x00000000   Number         0  _printf_hex_ptr.o ABSOLUTE
    ../clib/printf.c                         0x00000000   Number         0  _printf_hex_int_ptr.o ABSOLUTE
    ../clib/printf.c                         0x00000000   Number         0  _printf_hex_ll_ptr.o ABSOLUTE
    ../clib/printf.c                         0x00000000   Number         0  _printf_hex_int_ll_ptr.o ABSOLUTE
    ../clib/printf.c                         0x00000000   Number         0  __printf_flags.o ABSOLUTE
    ../clib/printf.c                         0x00000000   Number         0  __printf_ss.o ABSOLUTE
    ../clib/printf.c                         0x00000000   Number         0  __printf_flags_ss.o ABSOLUTE
    ../clib/printf.c                         0x00000000   Number         0  __printf_wp.o ABSOLUTE
    ../clib/printf.c                         0x00000000   Number         0  __printf_flags_wp.o ABSOLUTE
    ../clib/printf.c                         0x00000000   Number         0  __printf_ss_wp.o ABSOLUTE
    ../clib/printf.c                         0x00000000   Number         0  __printf_flags_ss_wp.o ABSOLUTE
    ../clib/printf.c                         0x00000000   Number         0  _printf_intcommon.o ABSOLUTE
    ../clib/printf.c                         0x00000000   Number         0  _printf_char_common.o ABSOLUTE
    ../clib/printf.c                         0x00000000   Number         0  _sputc.o ABSOLUTE
    ../clib/printf.c                         0x00000000   Number         0  _printf_char.o ABSOLUTE
    ../clib/printf.c                         0x00000000   Number         0  __printf_nopercent.o ABSOLUTE
    ../clib/printf_percent.s                 0x00000000   Number         0  _printf_s.o ABSOLUTE
    ../clib/printf_percent.s                 0x00000000   Number         0  _printf_x.o ABSOLUTE
    ../clib/printf_percent.s                 0x00000000   Number         0  _printf_u.o ABSOLUTE
    ../clib/printf_percent.s                 0x00000000   Number         0  _printf_percent.o ABSOLUTE
    ../clib/printf_percent.s                 0x00000000   Number         0  _printf_percent_end.o ABSOLUTE
    ../clib/signal.c                         0x00000000   Number         0  defsig_rtmem_outer.o ABSOLUTE
    ../clib/signal.c                         0x00000000   Number         0  defsig_rtmem_formal.o ABSOLUTE
    ../clib/signal.c                         0x00000000   Number         0  defsig_exit.o ABSOLUTE
    ../clib/signal.c                         0x00000000   Number         0  defsig_rtmem_inner.o ABSOLUTE
    ../clib/signal.c                         0x00000000   Number         0  __raise.o ABSOLUTE
    ../clib/signal.c                         0x00000000   Number         0  defsig_general.o ABSOLUTE
    ../clib/signal.c                         0x00000000   Number         0  defsig_abrt_inner.o ABSOLUTE
    ../clib/signal.c                         0x00000000   Number         0  defsig_fpe_inner.o ABSOLUTE
    ../clib/signal.c                         0x00000000   Number         0  defsig_rtred_inner.o ABSOLUTE
    ../clib/signal.c                         0x00000000   Number         0  defsig_stak_inner.o ABSOLUTE
    ../clib/signal.c                         0x00000000   Number         0  defsig_pvfn_inner.o ABSOLUTE
    ../clib/signal.c                         0x00000000   Number         0  defsig_cppl_inner.o ABSOLUTE
    ../clib/signal.c                         0x00000000   Number         0  defsig_segv_inner.o ABSOLUTE
    ../clib/signal.c                         0x00000000   Number         0  defsig_other.o ABSOLUTE
    ../clib/signal.s                         0x00000000   Number         0  defsig.o ABSOLUTE
    ../clib/stdlib.c                         0x00000000   Number         0  exit.o ABSOLUTE
    ../fplib/fpinit.s                        0x00000000   Number         0  fpinit.o ABSOLUTE
    ../fplib/fpinit_empty.s                  0x00000000   Number         0  fpinit_empty.o ABSOLUTE
    NVIC.c                                   0x00000000   Number         0  nvic.o ABSOLUTE
    RTE/Device/STM32F103C8/startup_stm32f10x_md.s 0x00000000   Number         0  startup_stm32f10x_md.o ABSOLUTE
    SysTick.c                                0x00000000   Number         0  systick.o ABSOLUTE
    System.c                                 0x00000000   Number         0  system.o ABSOLUTE
    Timer.c                                  0x00000000   Number         0  timer.o ABSOLUTE
    Uart.c                                   0x00000000   Number         0  uart.o ABSOLUTE
    dc.s                                     0x00000000   Number         0  dc.o ABSOLUTE
    main.c                                   0x00000000   Number         0  main.o ABSOLUTE
    nRF24.c                                  0x00000000   Number         0  nrf24.o ABSOLUTE
    spi.c                                    0x00000000   Number         0  spi.o ABSOLUTE
    system_stm32f10x.c                       0x00000000   Number         0  system_stm32f10x.o ABSOLUTE
    RESET                                    0x08000000   Section      236  startup_stm32f10x_md.o(RESET)
    !!!main                                  0x080000ec   Section        8  __main.o(!!!main)
    !!!scatter                               0x080000f4   Section       52  __scatter.o(!!!scatter)
    !!handler_copy                           0x08000128   Section       26  __scatter_copy.o(!!handler_copy)
    !!handler_zi                             0x08000144   Section       28  __scatter_zi.o(!!handler_zi)
    .ARM.Collect$$_printf_percent$$00000000  0x08000160   Section        0  _printf_percent.o(.ARM.Collect$$_printf_percent$$00000000)
    .ARM.Collect$$_printf_percent$$0000000A  0x08000160   Section        6  _printf_u.o(.ARM.Collect$$_printf_percent$$0000000A)
    .ARM.Collect$$_printf_percent$$0000000C  0x08000166   Section        6  _printf_x.o(.ARM.Collect$$_printf_percent$$0000000C)
    .ARM.Collect$$_printf_percent$$00000014  0x0800016c   Section        6  _printf_s.o(.ARM.Collect$$_printf_percent$$00000014)
    .ARM.Collect$$_printf_percent$$00000017  0x08000172   Section        4  _printf_percent_end.o(.ARM.Collect$$_printf_percent$$00000017)
    .ARM.Collect$$libinit$$00000000          0x08000176   Section        2  libinit.o(.ARM.Collect$$libinit$$00000000)
    .ARM.Collect$$libinit$$00000002          0x08000178   Section        0  libinit2.o(.ARM.Collect$$libinit$$00000002)
    .ARM.Collect$$libinit$$00000004          0x08000178   Section        0  libinit2.o(.ARM.Collect$$libinit$$00000004)
    .ARM.Collect$$libinit$$0000000A          0x08000178   Section        0  libinit2.o(.ARM.Collect$$libinit$$0000000A)
    .ARM.Collect$$libinit$$0000000C          0x08000178   Section        0  libinit2.o(.ARM.Collect$$libinit$$0000000C)
    .ARM.Collect$$libinit$$0000000E          0x08000178   Section        0  libinit2.o(.ARM.Collect$$libinit$$0000000E)
    .ARM.Collect$$libinit$$00000011          0x08000178   Section        0  libinit2.o(.ARM.Collect$$libinit$$00000011)
    .ARM.Collect$$libinit$$00000013          0x08000178   Section        0  libinit2.o(.ARM.Collect$$libinit$$00000013)
    .ARM.Collect$$libinit$$00000015          0x08000178   Section        0  libinit2.o(.ARM.Collect$$libinit$$00000015)
    .ARM.Collect$$libinit$$00000017          0x08000178   Section        0  libinit2.o(.ARM.Collect$$libinit$$00000017)
    .ARM.Collect$$libinit$$00000019          0x08000178   Section        0  libinit2.o(.ARM.Collect$$libinit$$00000019)
    .ARM.Collect$$libinit$$0000001B          0x08000178   Section        0  libinit2.o(.ARM.Collect$$libinit$$0000001B)
    .ARM.Collect$$libinit$$0000001D          0x08000178   Section        0  libinit2.o(.ARM.Collect$$libinit$$0000001D)
    .ARM.Collect$$libinit$$0000001F          0x08000178   Section        0  libinit2.o(.ARM.Collect$$libinit$$0000001F)
    .ARM.Collect$$libinit$$00000021          0x08000178   Section        0  libinit2.o(.ARM.Collect$$libinit$$00000021)
    .ARM.Collect$$libinit$$00000023          0x08000178   Section        0  libinit2.o(.ARM.Collect$$libinit$$00000023)
    .ARM.Collect$$libinit$$00000025          0x08000178   Section        0  libinit2.o(.ARM.Collect$$libinit$$00000025)
    .ARM.Collect$$libinit$$0000002C          0x08000178   Section        0  libinit2.o(.ARM.Collect$$libinit$$0000002C)
    .ARM.Collect$$libinit$$0000002E          0x08000178   Section        0  libinit2.o(.ARM.Collect$$libinit$$0000002E)
    .ARM.Collect$$libinit$$00000030          0x08000178   Section        0  libinit2.o(.ARM.Collect$$libinit$$00000030)
    .ARM.Collect$$libinit$$00000032          0x08000178   Section        0  libinit2.o(.ARM.Collect$$libinit$$00000032)
    .ARM.Collect$$libinit$$00000033          0x08000178   Section        2  libinit2.o(.ARM.Collect$$libinit$$00000033)
    .ARM.Collect$$libshutdown$$00000000      0x0800017a   Section        2  libshutdown.o(.ARM.Collect$$libshutdown$$00000000)
    .ARM.Collect$$libshutdown$$00000002      0x0800017c   Section        0  libshutdown2.o(.ARM.Collect$$libshutdown$$00000002)
    .ARM.Collect$$libshutdown$$00000004      0x0800017c   Section        0  libshutdown2.o(.ARM.Collect$$libshutdown$$00000004)
    .ARM.Collect$$libshutdown$$00000007      0x0800017c   Section        0  libshutdown2.o(.ARM.Collect$$libshutdown$$00000007)
    .ARM.Collect$$libshutdown$$0000000A      0x0800017c   Section        0  libshutdown2.o(.ARM.Collect$$libshutdown$$0000000A)
    .ARM.Collect$$libshutdown$$0000000C      0x0800017c   Section        0  libshutdown2.o(.ARM.Collect$$libshutdown$$0000000C)
    .ARM.Collect$$libshutdown$$0000000F      0x0800017c   Section        0  libshutdown2.o(.ARM.Collect$$libshutdown$$0000000F)
    .ARM.Collect$$libshutdown$$00000010      0x0800017c   Section        2  libshutdown2.o(.ARM.Collect$$libshutdown$$00000010)
    .ARM.Collect$$rtentry$$00000000          0x0800017e   Section        0  __rtentry.o(.ARM.Collect$$rtentry$$00000000)
    .ARM.Collect$$rtentry$$00000002          0x0800017e   Section        0  __rtentry2.o(.ARM.Collect$$rtentry$$00000002)
    .ARM.Collect$$rtentry$$00000004          0x0800017e   Section        6  __rtentry4.o(.ARM.Collect$$rtentry$$00000004)
    .ARM.Collect$$rtentry$$00000009          0x08000184   Section        0  __rtentry2.o(.ARM.Collect$$rtentry$$00000009)
    .ARM.Collect$$rtentry$$0000000A          0x08000184   Section        4  __rtentry2.o(.ARM.Collect$$rtentry$$0000000A)
    .ARM.Collect$$rtentry$$0000000C          0x08000188   Section        0  __rtentry2.o(.ARM.Collect$$rtentry$$0000000C)
    .ARM.Collect$$rtentry$$0000000D          0x08000188   Section        8  __rtentry2.o(.ARM.Collect$$rtentry$$0000000D)
    .ARM.Collect$$rtexit$$00000000           0x08000190   Section        2  rtexit.o(.ARM.Collect$$rtexit$$00000000)
    .ARM.Collect$$rtexit$$00000002           0x08000192   Section        0  rtexit2.o(.ARM.Collect$$rtexit$$00000002)
    .ARM.Collect$$rtexit$$00000003           0x08000192   Section        4  rtexit2.o(.ARM.Collect$$rtexit$$00000003)
    .ARM.Collect$$rtexit$$00000004           0x08000196   Section        6  rtexit2.o(.ARM.Collect$$rtexit$$00000004)
    .text                                    0x0800019c   Section       64  startup_stm32f10x_md.o(.text)
    .text                                    0x080001dc   Section        0  noretval__2sprintf.o(.text)
    .text                                    0x08000204   Section        0  _printf_pad.o(.text)
    .text                                    0x08000252   Section        0  _printf_str.o(.text)
    .text                                    0x080002a4   Section        0  _printf_dec.o(.text)
    .text                                    0x0800031c   Section        0  _printf_hex_int.o(.text)
    .text                                    0x08000374   Section        0  __printf_flags_wp.o(.text)
    .text                                    0x080004ac   Section      138  rt_memcpy_v6.o(.text)
    .text                                    0x08000536   Section        0  heapauxi.o(.text)
    .text                                    0x0800053c   Section        0  _printf_intcommon.o(.text)
    _printf_input_char                       0x080005f1   Thumb Code    10  _printf_char_common.o(.text)
    .text                                    0x080005f0   Section        0  _printf_char_common.o(.text)
    .text                                    0x08000620   Section        0  _sputc.o(.text)
    .text                                    0x0800062a   Section        0  _printf_char.o(.text)
    .text                                    0x08000656   Section      100  rt_memcpy_w.o(.text)
    .text                                    0x080006ba   Section       74  sys_stackheap_outer.o(.text)
    .text                                    0x08000704   Section        0  exit.o(.text)
    .text                                    0x08000718   Section        8  libspace.o(.text)
    .text                                    0x08000720   Section        0  sys_exit.o(.text)
    .text                                    0x0800072c   Section        2  use_no_semi.o(.text)
    .text                                    0x0800072e   Section        0  indicate_semi.o(.text)
    [Anonymous Symbol]                       0x08000730   Section        0  nrf24.o(.text.CheckNRF24)
    [Anonymous Symbol]                       0x08000778   Section        0  nvic.o(.text.EXTI15_10_IRQHandler)
    [Anonymous Symbol]                       0x080007f0   Section        0  nrf24.o(.text.InitNRF24)
    [Anonymous Symbol]                       0x080008a8   Section        0  nvic.o(.text.NVIC_Init)
    [Anonymous Symbol]                       0x08000918   Section        0  nrf24.o(.text.ReadAllReg)
    [Anonymous Symbol]                       0x0800099c   Section        0  nrf24.o(.text.ReadNRF24)
    [Anonymous Symbol]                       0x080009c8   Section        0  uart.o(.text.Send)
    SetSysClock                              0x080009ed   Thumb Code     8  system_stm32f10x.o(.text.SetSysClock)
    [Anonymous Symbol]                       0x080009ec   Section        0  system_stm32f10x.o(.text.SetSysClock)
    SetSysClockTo72                          0x080009f5   Thumb Code   190  system_stm32f10x.o(.text.SetSysClockTo72)
    [Anonymous Symbol]                       0x080009f4   Section        0  system_stm32f10x.o(.text.SetSysClockTo72)
    [Anonymous Symbol]                       0x08000ab4   Section        0  systick.o(.text.SysTick_Handler)
    [Anonymous Symbol]                       0x08000ac4   Section        0  systick.o(.text.SysTick_Init)
    [Anonymous Symbol]                       0x08000aec   Section        0  system_stm32f10x.o(.text.SystemInit)
    [Anonymous Symbol]                       0x08000b44   Section        0  system.o(.text.System_Init_72MHZ)
    [Anonymous Symbol]                       0x08000b90   Section        0  nrf24.o(.text.WriteNRF24)
    __NVIC_EnableIRQ                         0x08000bd5   Thumb Code    16  nvic.o(.text.__NVIC_EnableIRQ)
    [Anonymous Symbol]                       0x08000bd4   Section        0  nvic.o(.text.__NVIC_EnableIRQ)
    [Anonymous Symbol]                       0x08000be4   Section        0  systick.o(.text.delay)
    [Anonymous Symbol]                       0x08000bfc   Section        0  main.o(.text.main)
    [Anonymous Symbol]                       0x08000cbc   Section        0  spi.o(.text.spiInit)
    [Anonymous Symbol]                       0x08000d48   Section        0  spi.o(.text.spiSend)
    [Anonymous Symbol]                       0x08000d6c   Section        0  spi.o(.text.t_spiSend)
    [Anonymous Symbol]                       0x08000dc0   Section        0  uart.o(.text.uartInit)
    i._is_digit                              0x08000e30   Section        0  __printf_wp.o(i._is_digit)
    uc_hextab                                0x08000e3e   Data          20  _printf_hex_int.o(.constdata)
    .constdata                               0x08000e3e   Section       40  _printf_hex_int.o(.constdata)
    lc_hextab                                0x08000e52   Data          20  _printf_hex_int.o(.constdata)
    maptable                                 0x08000e66   Data          17  __printf_flags_wp.o(.constdata)
    .constdata                               0x08000e66   Section       17  __printf_flags_wp.o(.constdata)
    .L__const.ReadAllReg.regArr              0x08000e77   Data          42  nrf24.o(.rodata..L__const.ReadAllReg.regArr)
    .L.str                                   0x08000ea4   Data          20  main.o(.rodata.str1.4)
    [Anonymous Symbol]                       0x08000ea4   Section        0  main.o(.rodata.str1.4)
    .bss                                     0x20000038   Section       96  libspace.o(.bss)
    r                                        0x20000098   Data           1  nvic.o(.bss.r)
    [Anonymous Symbol]                       0x20000098   Section        0  nvic.o(.bss.r)
    Heap_Mem                                 0x200010a0   Data         512  startup_stm32f10x_md.o(HEAP)
    HEAP                                     0x200010a0   Section      512  startup_stm32f10x_md.o(HEAP)
    Stack_Mem                                0x200012a0   Data        1024  startup_stm32f10x_md.o(STACK)
    STACK                                    0x200012a0   Section     1024  startup_stm32f10x_md.o(STACK)
    __initial_sp                             0x200016a0   Data           0  startup_stm32f10x_md.o(STACK)

    Global Symbols

    Symbol Name                              Value     Ov Type        Size  Object(Section)

    BuildAttributes$$THM_ISAv4$P$D$K$B$S$PE$A:L22UL41UL21$X:L11$S22US41US21$IEEE1$IW$~IW$USESV6$~STKCKD$USESV7$~SHL$OTIME$ROPI$EBA8$UX$STANDARDLIB$REQ8$PRES8$EABIv2 0x00000000   Number         0  anon$$obj.o ABSOLUTE
    __fp_init_empty                          0x00000000   Number         0  fpinit_empty.o ABSOLUTE
    _printf_flags                            0x00000000   Number         0  printf_stubs.o ABSOLUTE
    _printf_return_value                     0x00000000   Number         0  printf_stubs.o ABSOLUTE
    _printf_sizespec                         0x00000000   Number         0  printf_stubs.o ABSOLUTE
    _printf_widthprec                        0x00000000   Number         0  printf_stubs.o ABSOLUTE
    __ARM_exceptions_init                     - Undefined Weak Reference
    __alloca_initialize                       - Undefined Weak Reference
    __arm_preinit_                            - Undefined Weak Reference
    __cpp_initialize__aeabi_                  - Undefined Weak Reference
    __cxa_finalize                            - Undefined Weak Reference
    __rt_locale                               - Undefined Weak Reference
    __sigvec_lookup                           - Undefined Weak Reference
    _atexit_init                              - Undefined Weak Reference
    _call_atexit_fns                          - Undefined Weak Reference
    _clock_init                               - Undefined Weak Reference
    _fp_trap_init                             - Undefined Weak Reference
    _fp_trap_shutdown                         - Undefined Weak Reference
    _get_lc_collate                           - Undefined Weak Reference
    _get_lc_ctype                             - Undefined Weak Reference
    _get_lc_monetary                          - Undefined Weak Reference
    _get_lc_numeric                           - Undefined Weak Reference
    _get_lc_time                              - Undefined Weak Reference
    _getenv_init                              - Undefined Weak Reference
    _handle_redirection                       - Undefined Weak Reference
    _init_alloc                               - Undefined Weak Reference
    _init_user_alloc                          - Undefined Weak Reference
    _initio                                   - Undefined Weak Reference
    _printf_mbtowc                            - Undefined Weak Reference
    _printf_truncate_signed                   - Undefined Weak Reference
    _printf_truncate_unsigned                 - Undefined Weak Reference
    _rand_init                                - Undefined Weak Reference
    _signal_finish                            - Undefined Weak Reference
    _signal_init                              - Undefined Weak Reference
    _terminate_alloc                          - Undefined Weak Reference
    _terminate_user_alloc                     - Undefined Weak Reference
    _terminateio                              - Undefined Weak Reference
    __Vectors_Size                           0x000000ec   Number         0  startup_stm32f10x_md.o ABSOLUTE
    __Vectors                                0x08000000   Data           4  startup_stm32f10x_md.o(RESET)
    __Vectors_End                            0x080000ec   Data           0  startup_stm32f10x_md.o(RESET)
    __main                                   0x080000ed   Thumb Code     8  __main.o(!!!main)
    __scatterload                            0x080000f5   Thumb Code     0  __scatter.o(!!!scatter)
    __scatterload_rt2                        0x080000f5   Thumb Code    44  __scatter.o(!!!scatter)
    __scatterload_rt2_thumb_only             0x080000f5   Thumb Code     0  __scatter.o(!!!scatter)
    __scatterload_null                       0x08000103   Thumb Code     0  __scatter.o(!!!scatter)
    __scatterload_copy                       0x08000129   Thumb Code    26  __scatter_copy.o(!!handler_copy)
    __scatterload_zeroinit                   0x08000145   Thumb Code    28  __scatter_zi.o(!!handler_zi)
    _printf_percent                          0x08000161   Thumb Code     0  _printf_percent.o(.ARM.Collect$$_printf_percent$$00000000)
    _printf_u                                0x08000161   Thumb Code     0  _printf_u.o(.ARM.Collect$$_printf_percent$$0000000A)
    _printf_x                                0x08000167   Thumb Code     0  _printf_x.o(.ARM.Collect$$_printf_percent$$0000000C)
    _printf_s                                0x0800016d   Thumb Code     0  _printf_s.o(.ARM.Collect$$_printf_percent$$00000014)
    _printf_percent_end                      0x08000173   Thumb Code     0  _printf_percent_end.o(.ARM.Collect$$_printf_percent$$00000017)
    __rt_lib_init                            0x08000177   Thumb Code     0  libinit.o(.ARM.Collect$$libinit$$00000000)
    __rt_lib_init_alloca_1                   0x08000179   Thumb Code     0  libinit2.o(.ARM.Collect$$libinit$$0000002E)
    __rt_lib_init_argv_1                     0x08000179   Thumb Code     0  libinit2.o(.ARM.Collect$$libinit$$0000002C)
    __rt_lib_init_atexit_1                   0x08000179   Thumb Code     0  libinit2.o(.ARM.Collect$$libinit$$0000001B)
    __rt_lib_init_clock_1                    0x08000179   Thumb Code     0  libinit2.o(.ARM.Collect$$libinit$$00000021)
    __rt_lib_init_cpp_1                      0x08000179   Thumb Code     0  libinit2.o(.ARM.Collect$$libinit$$00000032)
    __rt_lib_init_exceptions_1               0x08000179   Thumb Code     0  libinit2.o(.ARM.Collect$$libinit$$00000030)
    __rt_lib_init_fp_1                       0x08000179   Thumb Code     0  libinit2.o(.ARM.Collect$$libinit$$00000002)
    __rt_lib_init_fp_trap_1                  0x08000179   Thumb Code     0  libinit2.o(.ARM.Collect$$libinit$$0000001F)
    __rt_lib_init_getenv_1                   0x08000179   Thumb Code     0  libinit2.o(.ARM.Collect$$libinit$$00000023)
    __rt_lib_init_heap_1                     0x08000179   Thumb Code     0  libinit2.o(.ARM.Collect$$libinit$$0000000A)
    __rt_lib_init_lc_collate_1               0x08000179   Thumb Code     0  libinit2.o(.ARM.Collect$$libinit$$00000011)
    __rt_lib_init_lc_ctype_1                 0x08000179   Thumb Code     0  libinit2.o(.ARM.Collect$$libinit$$00000013)
    __rt_lib_init_lc_monetary_1              0x08000179   Thumb Code     0  libinit2.o(.ARM.Collect$$libinit$$00000015)
    __rt_lib_init_lc_numeric_1               0x08000179   Thumb Code     0  libinit2.o(.ARM.Collect$$libinit$$00000017)
    __rt_lib_init_lc_time_1                  0x08000179   Thumb Code     0  libinit2.o(.ARM.Collect$$libinit$$00000019)
    __rt_lib_init_preinit_1                  0x08000179   Thumb Code     0  libinit2.o(.ARM.Collect$$libinit$$00000004)
    __rt_lib_init_rand_1                     0x08000179   Thumb Code     0  libinit2.o(.ARM.Collect$$libinit$$0000000E)
    __rt_lib_init_return                     0x08000179   Thumb Code     0  libinit2.o(.ARM.Collect$$libinit$$00000033)
    __rt_lib_init_signal_1                   0x08000179   Thumb Code     0  libinit2.o(.ARM.Collect$$libinit$$0000001D)
    __rt_lib_init_stdio_1                    0x08000179   Thumb Code     0  libinit2.o(.ARM.Collect$$libinit$$00000025)
    __rt_lib_init_user_alloc_1               0x08000179   Thumb Code     0  libinit2.o(.ARM.Collect$$libinit$$0000000C)
    __rt_lib_shutdown                        0x0800017b   Thumb Code     0  libshutdown.o(.ARM.Collect$$libshutdown$$00000000)
    __rt_lib_shutdown_cpp_1                  0x0800017d   Thumb Code     0  libshutdown2.o(.ARM.Collect$$libshutdown$$00000002)
    __rt_lib_shutdown_fp_trap_1              0x0800017d   Thumb Code     0  libshutdown2.o(.ARM.Collect$$libshutdown$$00000007)
    __rt_lib_shutdown_heap_1                 0x0800017d   Thumb Code     0  libshutdown2.o(.ARM.Collect$$libshutdown$$0000000F)
    __rt_lib_shutdown_return                 0x0800017d   Thumb Code     0  libshutdown2.o(.ARM.Collect$$libshutdown$$00000010)
    __rt_lib_shutdown_signal_1               0x0800017d   Thumb Code     0  libshutdown2.o(.ARM.Collect$$libshutdown$$0000000A)
    __rt_lib_shutdown_stdio_1                0x0800017d   Thumb Code     0  libshutdown2.o(.ARM.Collect$$libshutdown$$00000004)
    __rt_lib_shutdown_user_alloc_1           0x0800017d   Thumb Code     0  libshutdown2.o(.ARM.Collect$$libshutdown$$0000000C)
    __rt_entry                               0x0800017f   Thumb Code     0  __rtentry.o(.ARM.Collect$$rtentry$$00000000)
    __rt_entry_presh_1                       0x0800017f   Thumb Code     0  __rtentry2.o(.ARM.Collect$$rtentry$$00000002)
    __rt_entry_sh                            0x0800017f   Thumb Code     0  __rtentry4.o(.ARM.Collect$$rtentry$$00000004)
    __rt_entry_li                            0x08000185   Thumb Code     0  __rtentry2.o(.ARM.Collect$$rtentry$$0000000A)
    __rt_entry_postsh_1                      0x08000185   Thumb Code     0  __rtentry2.o(.ARM.Collect$$rtentry$$00000009)
    __rt_entry_main                          0x08000189   Thumb Code     0  __rtentry2.o(.ARM.Collect$$rtentry$$0000000D)
    __rt_entry_postli_1                      0x08000189   Thumb Code     0  __rtentry2.o(.ARM.Collect$$rtentry$$0000000C)
    __rt_exit                                0x08000191   Thumb Code     0  rtexit.o(.ARM.Collect$$rtexit$$00000000)
    __rt_exit_ls                             0x08000193   Thumb Code     0  rtexit2.o(.ARM.Collect$$rtexit$$00000003)
    __rt_exit_prels_1                        0x08000193   Thumb Code     0  rtexit2.o(.ARM.Collect$$rtexit$$00000002)
    __rt_exit_exit                           0x08000197   Thumb Code     0  rtexit2.o(.ARM.Collect$$rtexit$$00000004)
    Reset_Handler                            0x0800019d   Thumb Code     8  startup_stm32f10x_md.o(.text)
    NMI_Handler                              0x080001a5   Thumb Code     2  startup_stm32f10x_md.o(.text)
    HardFault_Handler                        0x080001a7   Thumb Code     2  startup_stm32f10x_md.o(.text)
    MemManage_Handler                        0x080001a9   Thumb Code     2  startup_stm32f10x_md.o(.text)
    BusFault_Handler                         0x080001ab   Thumb Code     2  startup_stm32f10x_md.o(.text)
    UsageFault_Handler                       0x080001ad   Thumb Code     2  startup_stm32f10x_md.o(.text)
    SVC_Handler                              0x080001af   Thumb Code     2  startup_stm32f10x_md.o(.text)
    DebugMon_Handler                         0x080001b1   Thumb Code     2  startup_stm32f10x_md.o(.text)
    PendSV_Handler                           0x080001b3   Thumb Code     2  startup_stm32f10x_md.o(.text)
    ADC1_2_IRQHandler                        0x080001b7   Thumb Code     0  startup_stm32f10x_md.o(.text)
    CAN1_RX1_IRQHandler                      0x080001b7   Thumb Code     0  startup_stm32f10x_md.o(.text)
    CAN1_SCE_IRQHandler                      0x080001b7   Thumb Code     0  startup_stm32f10x_md.o(.text)
    DMA1_Channel1_IRQHandler                 0x080001b7   Thumb Code     0  startup_stm32f10x_md.o(.text)
    DMA1_Channel2_IRQHandler                 0x080001b7   Thumb Code     0  startup_stm32f10x_md.o(.text)
    DMA1_Channel3_IRQHandler                 0x080001b7   Thumb Code     0  startup_stm32f10x_md.o(.text)
    DMA1_Channel4_IRQHandler                 0x080001b7   Thumb Code     0  startup_stm32f10x_md.o(.text)
    DMA1_Channel5_IRQHandler                 0x080001b7   Thumb Code     0  startup_stm32f10x_md.o(.text)
    DMA1_Channel6_IRQHandler                 0x080001b7   Thumb Code     0  startup_stm32f10x_md.o(.text)
    DMA1_Channel7_IRQHandler                 0x080001b7   Thumb Code     0  startup_stm32f10x_md.o(.text)
    EXTI0_IRQHandler                         0x080001b7   Thumb Code     0  startup_stm32f10x_md.o(.text)
    EXTI1_IRQHandler                         0x080001b7   Thumb Code     0  startup_stm32f10x_md.o(.text)
    EXTI2_IRQHandler                         0x080001b7   Thumb Code     0  startup_stm32f10x_md.o(.text)
    EXTI3_IRQHandler                         0x080001b7   Thumb Code     0  startup_stm32f10x_md.o(.text)
    EXTI4_IRQHandler                         0x080001b7   Thumb Code     0  startup_stm32f10x_md.o(.text)
    EXTI9_5_IRQHandler                       0x080001b7   Thumb Code     0  startup_stm32f10x_md.o(.text)
    FLASH_IRQHandler                         0x080001b7   Thumb Code     0  startup_stm32f10x_md.o(.text)
    I2C1_ER_IRQHandler                       0x080001b7   Thumb Code     0  startup_stm32f10x_md.o(.text)
    I2C1_EV_IRQHandler                       0x080001b7   Thumb Code     0  startup_stm32f10x_md.o(.text)
    I2C2_ER_IRQHandler                       0x080001b7   Thumb Code     0  startup_stm32f10x_md.o(.text)
    I2C2_EV_IRQHandler                       0x080001b7   Thumb Code     0  startup_stm32f10x_md.o(.text)
    PVD_IRQHandler                           0x080001b7   Thumb Code     0  startup_stm32f10x_md.o(.text)
    RCC_IRQHandler                           0x080001b7   Thumb Code     0  startup_stm32f10x_md.o(.text)
    RTCAlarm_IRQHandler                      0x080001b7   Thumb Code     0  startup_stm32f10x_md.o(.text)
    RTC_IRQHandler                           0x080001b7   Thumb Code     0  startup_stm32f10x_md.o(.text)
    SPI1_IRQHandler                          0x080001b7   Thumb Code     0  startup_stm32f10x_md.o(.text)
    SPI2_IRQHandler                          0x080001b7   Thumb Code     0  startup_stm32f10x_md.o(.text)
    TAMPER_IRQHandler                        0x080001b7   Thumb Code     0  startup_stm32f10x_md.o(.text)
    TIM1_BRK_IRQHandler                      0x080001b7   Thumb Code     0  startup_stm32f10x_md.o(.text)
    TIM1_CC_IRQHandler                       0x080001b7   Thumb Code     0  startup_stm32f10x_md.o(.text)
    TIM1_TRG_COM_IRQHandler                  0x080001b7   Thumb Code     0  startup_stm32f10x_md.o(.text)
    TIM1_UP_IRQHandler                       0x080001b7   Thumb Code     0  startup_stm32f10x_md.o(.text)
    TIM2_IRQHandler                          0x080001b7   Thumb Code     0  startup_stm32f10x_md.o(.text)
    TIM3_IRQHandler                          0x080001b7   Thumb Code     0  startup_stm32f10x_md.o(.text)
    TIM4_IRQHandler                          0x080001b7   Thumb Code     0  startup_stm32f10x_md.o(.text)
    USART1_IRQHandler                        0x080001b7   Thumb Code     0  startup_stm32f10x_md.o(.text)
    USART2_IRQHandler                        0x080001b7   Thumb Code     0  startup_stm32f10x_md.o(.text)
    USART3_IRQHandler                        0x080001b7   Thumb Code     0  startup_stm32f10x_md.o(.text)
    USBWakeUp_IRQHandler                     0x080001b7   Thumb Code     0  startup_stm32f10x_md.o(.text)
    USB_HP_CAN1_TX_IRQHandler                0x080001b7   Thumb Code     0  startup_stm32f10x_md.o(.text)
    USB_LP_CAN1_RX0_IRQHandler               0x080001b7   Thumb Code     0  startup_stm32f10x_md.o(.text)
    WWDG_IRQHandler                          0x080001b7   Thumb Code     0  startup_stm32f10x_md.o(.text)
    __user_initial_stackheap                 0x080001b9   Thumb Code     0  startup_stm32f10x_md.o(.text)
    __2sprintf                               0x080001dd   Thumb Code    34  noretval__2sprintf.o(.text)
    _printf_pre_padding                      0x08000205   Thumb Code    44  _printf_pad.o(.text)
    _printf_post_padding                     0x08000231   Thumb Code    34  _printf_pad.o(.text)
    _printf_str                              0x08000253   Thumb Code    82  _printf_str.o(.text)
    _printf_int_dec                          0x080002a5   Thumb Code   104  _printf_dec.o(.text)
    _printf_int_hex                          0x0800031d   Thumb Code    84  _printf_hex_int.o(.text)
    _printf_longlong_hex                     0x0800031d   Thumb Code     0  _printf_hex_int.o(.text)
    __printf                                 0x08000375   Thumb Code   308  __printf_flags_wp.o(.text)
    __aeabi_memcpy                           0x080004ad   Thumb Code     0  rt_memcpy_v6.o(.text)
    __rt_memcpy                              0x080004ad   Thumb Code   138  rt_memcpy_v6.o(.text)
    _memcpy_lastbytes                        0x08000513   Thumb Code     0  rt_memcpy_v6.o(.text)
    __use_two_region_memory                  0x08000537   Thumb Code     2  heapauxi.o(.text)
    __rt_heap_escrow$2region                 0x08000539   Thumb Code     2  heapauxi.o(.text)
    __rt_heap_expand$2region                 0x0800053b   Thumb Code     2  heapauxi.o(.text)
    _printf_int_common                       0x0800053d   Thumb Code   178  _printf_intcommon.o(.text)
    _printf_char_common                      0x080005fb   Thumb Code    32  _printf_char_common.o(.text)
    _sputc                                   0x08000621   Thumb Code    10  _sputc.o(.text)
    _printf_cs_common                        0x0800062b   Thumb Code    20  _printf_char.o(.text)
    _printf_char                             0x0800063f   Thumb Code    16  _printf_char.o(.text)
    _printf_string                           0x0800064f   Thumb Code     8  _printf_char.o(.text)
    __aeabi_memcpy4                          0x08000657   Thumb Code     0  rt_memcpy_w.o(.text)
    __aeabi_memcpy8                          0x08000657   Thumb Code     0  rt_memcpy_w.o(.text)
    __rt_memcpy_w                            0x08000657   Thumb Code   100  rt_memcpy_w.o(.text)
    _memcpy_lastbytes_aligned                0x0800069f   Thumb Code     0  rt_memcpy_w.o(.text)
    __user_setup_stackheap                   0x080006bb   Thumb Code    74  sys_stackheap_outer.o(.text)
    exit                                     0x08000705   Thumb Code    18  exit.o(.text)
    __user_libspace                          0x08000719   Thumb Code     8  libspace.o(.text)
    __user_perproc_libspace                  0x08000719   Thumb Code     0  libspace.o(.text)
    __user_perthread_libspace                0x08000719   Thumb Code     0  libspace.o(.text)
    _sys_exit                                0x08000721   Thumb Code     8  sys_exit.o(.text)
    __I$use$semihosting                      0x0800072d   Thumb Code     0  use_no_semi.o(.text)
    __use_no_semihosting_swi                 0x0800072d   Thumb Code     2  use_no_semi.o(.text)
    __semihosting_library_function           0x0800072f   Thumb Code     0  indicate_semi.o(.text)
    CheckNRF24                               0x08000731   Thumb Code    44  nrf24.o(.text.CheckNRF24)
    EXTI15_10_IRQHandler                     0x08000779   Thumb Code   100  nvic.o(.text.EXTI15_10_IRQHandler)
    InitNRF24                                0x080007f1   Thumb Code   184  nrf24.o(.text.InitNRF24)
    NVIC_Init                                0x080008a9   Thumb Code   112  nvic.o(.text.NVIC_Init)
    ReadAllReg                               0x08000919   Thumb Code   116  nrf24.o(.text.ReadAllReg)
    ReadNRF24                                0x0800099d   Thumb Code    44  nrf24.o(.text.ReadNRF24)
    Send                                     0x080009c9   Thumb Code    36  uart.o(.text.Send)
    SysTick_Handler                          0x08000ab5   Thumb Code    16  systick.o(.text.SysTick_Handler)
    SysTick_Init                             0x08000ac5   Thumb Code    40  systick.o(.text.SysTick_Init)
    SystemInit                               0x08000aed   Thumb Code    86  system_stm32f10x.o(.text.SystemInit)
    System_Init_72MHZ                        0x08000b45   Thumb Code    74  system.o(.text.System_Init_72MHZ)
    WriteNRF24                               0x08000b91   Thumb Code    68  nrf24.o(.text.WriteNRF24)
    delay                                    0x08000be5   Thumb Code    22  systick.o(.text.delay)
    main                                     0x08000bfd   Thumb Code   172  main.o(.text.main)
    spiInit                                  0x08000cbd   Thumb Code   140  spi.o(.text.spiInit)
    spiSend                                  0x08000d49   Thumb Code    34  spi.o(.text.spiSend)
    t_spiSend                                0x08000d6d   Thumb Code    82  spi.o(.text.t_spiSend)
    uartInit                                 0x08000dc1   Thumb Code   112  uart.o(.text.uartInit)
    _is_digit                                0x08000e31   Thumb Code    14  __printf_wp.o(i._is_digit)
    Region$$Table$$Base                      0x08000eb8   Number         0  anon$$obj.o(Region$$Table)
    Region$$Table$$Limit                     0x08000ed8   Number         0  anon$$obj.o(Region$$Table)
    sNRFInfo                                 0x20000000   Data          51  nrf24.o(.data.sNRFInfo)
    __libspace_start                         0x20000038   Data          96  libspace.o(.bss)
    __temporary_stack_top$libspace           0x20000098   Data           0  libspace.o(.bss)
    sBuff                                    0x20000099   Data        4096  uart.o(.bss.sBuff)
    sys_timecount                            0x2000109c   Data           4  systick.o(.bss.sys_timecount)



==============================================================================

Memory Map of the image

  Image Entry point : 0x0800019d

  Load Region LR_1 (Base: 0x08000000, Size: 0x00000f0c, Max: 0xffffffff, ABSOLUTE)

    Execution Region ER_RO (Exec base: 0x08000000, Load base: 0x08000000, Size: 0x00000ed8, Max: 0xffffffff, ABSOLUTE)

    Exec Addr    Load Addr    Size         Type   Attr      Idx    E Section Name        Object

    0x08000000   0x08000000   0x000000ec   Data   RO          112    RESET               startup_stm32f10x_md.o
    0x080000ec   0x080000ec   0x00000008   Code   RO          200  * !!!main             c_w.l(__main.o)
    0x080000f4   0x080000f4   0x00000034   Code   RO          376    !!!scatter          c_w.l(__scatter.o)
    0x08000128   0x08000128   0x0000001a   Code   RO          378    !!handler_copy      c_w.l(__scatter_copy.o)
    0x08000142   0x08000142   0x00000002   PAD
    0x08000144   0x08000144   0x0000001c   Code   RO          380    !!handler_zi        c_w.l(__scatter_zi.o)
    0x08000160   0x08000160   0x00000000   Code   RO          195    .ARM.Collect$$_printf_percent$$00000000  c_w.l(_printf_percent.o)
    0x08000160   0x08000160   0x00000006   Code   RO          194    .ARM.Collect$$_printf_percent$$0000000A  c_w.l(_printf_u.o)
    0x08000166   0x08000166   0x00000006   Code   RO          193    .ARM.Collect$$_printf_percent$$0000000C  c_w.l(_printf_x.o)
    0x0800016c   0x0800016c   0x00000006   Code   RO          192    .ARM.Collect$$_printf_percent$$00000014  c_w.l(_printf_s.o)
    0x08000172   0x08000172   0x00000004   Code   RO          211    .ARM.Collect$$_printf_percent$$00000017  c_w.l(_printf_percent_end.o)
    0x08000176   0x08000176   0x00000002   Code   RO          240    .ARM.Collect$$libinit$$00000000  c_w.l(libinit.o)
    0x08000178   0x08000178   0x00000000   Code   RO          247    .ARM.Collect$$libinit$$00000002  c_w.l(libinit2.o)
    0x08000178   0x08000178   0x00000000   Code   RO          249    .ARM.Collect$$libinit$$00000004  c_w.l(libinit2.o)
    0x08000178   0x08000178   0x00000000   Code   RO          252    .ARM.Collect$$libinit$$0000000A  c_w.l(libinit2.o)
    0x08000178   0x08000178   0x00000000   Code   RO          254    .ARM.Collect$$libinit$$0000000C  c_w.l(libinit2.o)
    0x08000178   0x08000178   0x00000000   Code   RO          256    .ARM.Collect$$libinit$$0000000E  c_w.l(libinit2.o)
    0x08000178   0x08000178   0x00000000   Code   RO          259    .ARM.Collect$$libinit$$00000011  c_w.l(libinit2.o)
    0x08000178   0x08000178   0x00000000   Code   RO          261    .ARM.Collect$$libinit$$00000013  c_w.l(libinit2.o)
    0x08000178   0x08000178   0x00000000   Code   RO          263    .ARM.Collect$$libinit$$00000015  c_w.l(libinit2.o)
    0x08000178   0x08000178   0x00000000   Code   RO          265    .ARM.Collect$$libinit$$00000017  c_w.l(libinit2.o)
    0x08000178   0x08000178   0x00000000   Code   RO          267    .ARM.Collect$$libinit$$00000019  c_w.l(libinit2.o)
    0x08000178   0x08000178   0x00000000   Code   RO          269    .ARM.Collect$$libinit$$0000001B  c_w.l(libinit2.o)
    0x08000178   0x08000178   0x00000000   Code   RO          271    .ARM.Collect$$libinit$$0000001D  c_w.l(libinit2.o)
    0x08000178   0x08000178   0x00000000   Code   RO          273    .ARM.Collect$$libinit$$0000001F  c_w.l(libinit2.o)
    0x08000178   0x08000178   0x00000000   Code   RO          275    .ARM.Collect$$libinit$$00000021  c_w.l(libinit2.o)
    0x08000178   0x08000178   0x00000000   Code   RO          277    .ARM.Collect$$libinit$$00000023  c_w.l(libinit2.o)
    0x08000178   0x08000178   0x00000000   Code   RO          279    .ARM.Collect$$libinit$$00000025  c_w.l(libinit2.o)
    0x08000178   0x08000178   0x00000000   Code   RO          283    .ARM.Collect$$libinit$$0000002C  c_w.l(libinit2.o)
    0x08000178   0x08000178   0x00000000   Code   RO          285    .ARM.Collect$$libinit$$0000002E  c_w.l(libinit2.o)
    0x08000178   0x08000178   0x00000000   Code   RO          287    .ARM.Collect$$libinit$$00000030  c_w.l(libinit2.o)
    0x08000178   0x08000178   0x00000000   Code   RO          289    .ARM.Collect$$libinit$$00000032  c_w.l(libinit2.o)
    0x08000178   0x08000178   0x00000002   Code   RO          290    .ARM.Collect$$libinit$$00000033  c_w.l(libinit2.o)
    0x0800017a   0x0800017a   0x00000002   Code   RO          312    .ARM.Collect$$libshutdown$$00000000  c_w.l(libshutdown.o)
    0x0800017c   0x0800017c   0x00000000   Code   RO          327    .ARM.Collect$$libshutdown$$00000002  c_w.l(libshutdown2.o)
    0x0800017c   0x0800017c   0x00000000   Code   RO          329    .ARM.Collect$$libshutdown$$00000004  c_w.l(libshutdown2.o)
    0x0800017c   0x0800017c   0x00000000   Code   RO          332    .ARM.Collect$$libshutdown$$00000007  c_w.l(libshutdown2.o)
    0x0800017c   0x0800017c   0x00000000   Code   RO          335    .ARM.Collect$$libshutdown$$0000000A  c_w.l(libshutdown2.o)
    0x0800017c   0x0800017c   0x00000000   Code   RO          337    .ARM.Collect$$libshutdown$$0000000C  c_w.l(libshutdown2.o)
    0x0800017c   0x0800017c   0x00000000   Code   RO          340    .ARM.Collect$$libshutdown$$0000000F  c_w.l(libshutdown2.o)
    0x0800017c   0x0800017c   0x00000002   Code   RO          341    .ARM.Collect$$libshutdown$$00000010  c_w.l(libshutdown2.o)
    0x0800017e   0x0800017e   0x00000000   Code   RO          202    .ARM.Collect$$rtentry$$00000000  c_w.l(__rtentry.o)
    0x0800017e   0x0800017e   0x00000000   Code   RO          215    .ARM.Collect$$rtentry$$00000002  c_w.l(__rtentry2.o)
    0x0800017e   0x0800017e   0x00000006   Code   RO          227    .ARM.Collect$$rtentry$$00000004  c_w.l(__rtentry4.o)
    0x08000184   0x08000184   0x00000000   Code   RO          217    .ARM.Collect$$rtentry$$00000009  c_w.l(__rtentry2.o)
    0x08000184   0x08000184   0x00000004   Code   RO          218    .ARM.Collect$$rtentry$$0000000A  c_w.l(__rtentry2.o)
    0x08000188   0x08000188   0x00000000   Code   RO          220    .ARM.Collect$$rtentry$$0000000C  c_w.l(__rtentry2.o)
    0x08000188   0x08000188   0x00000008   Code   RO          221    .ARM.Collect$$rtentry$$0000000D  c_w.l(__rtentry2.o)
    0x08000190   0x08000190   0x00000002   Code   RO          244    .ARM.Collect$$rtexit$$00000000  c_w.l(rtexit.o)
    0x08000192   0x08000192   0x00000000   Code   RO          292    .ARM.Collect$$rtexit$$00000002  c_w.l(rtexit2.o)
    0x08000192   0x08000192   0x00000004   Code   RO          293    .ARM.Collect$$rtexit$$00000003  c_w.l(rtexit2.o)
    0x08000196   0x08000196   0x00000006   Code   RO          294    .ARM.Collect$$rtexit$$00000004  c_w.l(rtexit2.o)
    0x0800019c   0x0800019c   0x00000040   Code   RO          113  * .text               startup_stm32f10x_md.o
    0x080001dc   0x080001dc   0x00000028   Code   RO          141    .text               c_w.l(noretval__2sprintf.o)
    0x08000204   0x08000204   0x0000004e   Code   RO          145    .text               c_w.l(_printf_pad.o)
    0x08000252   0x08000252   0x00000052   Code   RO          147    .text               c_w.l(_printf_str.o)
    0x080002a4   0x080002a4   0x00000078   Code   RO          149    .text               c_w.l(_printf_dec.o)
    0x0800031c   0x0800031c   0x00000058   Code   RO          154    .text               c_w.l(_printf_hex_int.o)
    0x08000374   0x08000374   0x00000138   Code   RO          184    .text               c_w.l(__printf_flags_wp.o)
    0x080004ac   0x080004ac   0x0000008a   Code   RO          196    .text               c_w.l(rt_memcpy_v6.o)
    0x08000536   0x08000536   0x00000006   Code   RO          198    .text               c_w.l(heapauxi.o)
    0x0800053c   0x0800053c   0x000000b2   Code   RO          203    .text               c_w.l(_printf_intcommon.o)
    0x080005ee   0x080005ee   0x00000002   PAD
    0x080005f0   0x080005f0   0x00000030   Code   RO          205    .text               c_w.l(_printf_char_common.o)
    0x08000620   0x08000620   0x0000000a   Code   RO          207    .text               c_w.l(_sputc.o)
    0x0800062a   0x0800062a   0x0000002c   Code   RO          209    .text               c_w.l(_printf_char.o)
    0x08000656   0x08000656   0x00000064   Code   RO          212    .text               c_w.l(rt_memcpy_w.o)
    0x080006ba   0x080006ba   0x0000004a   Code   RO          231    .text               c_w.l(sys_stackheap_outer.o)
    0x08000704   0x08000704   0x00000012   Code   RO          233    .text               c_w.l(exit.o)
    0x08000716   0x08000716   0x00000002   PAD
    0x08000718   0x08000718   0x00000008   Code   RO          241    .text               c_w.l(libspace.o)
    0x08000720   0x08000720   0x0000000c   Code   RO          302    .text               c_w.l(sys_exit.o)
    0x0800072c   0x0800072c   0x00000002   Code   RO          317    .text               c_w.l(use_no_semi.o)
    0x0800072e   0x0800072e   0x00000000   Code   RO          319    .text               c_w.l(indicate_semi.o)
    0x0800072e   0x0800072e   0x00000002   PAD
    0x08000730   0x08000730   0x00000048   Code   RO           49    .text.CheckNRF24    nrf24.o
    0x08000778   0x08000778   0x00000078   Code   RO           99    .text.EXTI15_10_IRQHandler  nvic.o
    0x080007f0   0x080007f0   0x000000b8   Code   RO           57    .text.InitNRF24     nrf24.o
    0x080008a8   0x080008a8   0x00000070   Code   RO           95    .text.NVIC_Init     nvic.o
    0x08000918   0x08000918   0x00000084   Code   RO           51    .text.ReadAllReg    nrf24.o
    0x0800099c   0x0800099c   0x0000002c   Code   RO           55    .text.ReadNRF24     nrf24.o
    0x080009c8   0x080009c8   0x00000024   Code   RO           25    .text.Send          uart.o
    0x080009ec   0x080009ec   0x00000008   Code   RO          122    .text.SetSysClock   system_stm32f10x.o
    0x080009f4   0x080009f4   0x000000be   Code   RO          126    .text.SetSysClockTo72  system_stm32f10x.o
    0x08000ab2   0x08000ab2   0x00000002   PAD
    0x08000ab4   0x08000ab4   0x00000010   Code   RO           82    .text.SysTick_Handler  systick.o
    0x08000ac4   0x08000ac4   0x00000028   Code   RO           80    .text.SysTick_Init  systick.o
    0x08000aec   0x08000aec   0x00000056   Code   RO          120    .text.SystemInit    system_stm32f10x.o
    0x08000b42   0x08000b42   0x00000002   PAD
    0x08000b44   0x08000b44   0x0000004a   Code   RO           12    .text.System_Init_72MHZ  system.o
    0x08000b8e   0x08000b8e   0x00000002   PAD
    0x08000b90   0x08000b90   0x00000044   Code   RO           53    .text.WriteNRF24    nrf24.o
    0x08000bd4   0x08000bd4   0x00000010   Code   RO           97    .text.__NVIC_EnableIRQ  nvic.o
    0x08000be4   0x08000be4   0x00000016   Code   RO           84    .text.delay         systick.o
    0x08000bfa   0x08000bfa   0x00000002   PAD
    0x08000bfc   0x08000bfc   0x000000c0   Code   RO            2    .text.main          main.o
    0x08000cbc   0x08000cbc   0x0000008c   Code   RO           35    .text.spiInit       spi.o
    0x08000d48   0x08000d48   0x00000022   Code   RO           39    .text.spiSend       spi.o
    0x08000d6a   0x08000d6a   0x00000002   PAD
    0x08000d6c   0x08000d6c   0x00000052   Code   RO           37    .text.t_spiSend     spi.o
    0x08000dbe   0x08000dbe   0x00000002   PAD
    0x08000dc0   0x08000dc0   0x00000070   Code   RO           23    .text.uartInit      uart.o
    0x08000e30   0x08000e30   0x0000000e   Code   RO          182    i._is_digit         c_w.l(__printf_wp.o)
    0x08000e3e   0x08000e3e   0x00000028   Data   RO          155    .constdata          c_w.l(_printf_hex_int.o)
    0x08000e66   0x08000e66   0x00000011   Data   RO          185    .constdata          c_w.l(__printf_flags_wp.o)
    0x08000e77   0x08000e77   0x0000002a   Data   RO           60    .rodata..L__const.ReadAllReg.regArr  nrf24.o
    0x08000ea1   0x08000ea1   0x00000003   PAD
    0x08000ea4   0x08000ea4   0x00000014   Data   RO            4    .rodata.str1.4      main.o
    0x08000eb8   0x08000eb8   0x00000020   Data   RO          375    Region$$Table       anon$$obj.o


    Execution Region ER_RW (Exec base: 0x20000000, Load base: 0x08000ed8, Size: 0x00000034, Max: 0xffffffff, ABSOLUTE)

    Exec Addr    Load Addr    Size         Type   Attr      Idx    E Section Name        Object

    0x20000000   0x08000ed8   0x00000033   Data   RW           59    .data.sNRFInfo      nrf24.o


    Execution Region ER_ZI (Exec base: 0x20000038, Load base: 0x08000f0c, Size: 0x00001668, Max: 0xffffffff, ABSOLUTE)

    Exec Addr    Load Addr    Size         Type   Attr      Idx    E Section Name        Object

    0x20000038        -       0x00000060   Zero   RW          242    .bss                c_w.l(libspace.o)
    0x20000098        -       0x00000001   Zero   RW          101    .bss.r              nvic.o
    0x20000099        -       0x00001000   Zero   RW           27    .bss.sBuff          uart.o
    0x20001099   0x08000f0c   0x00000003   PAD
    0x2000109c        -       0x00000004   Zero   RW           86    .bss.sys_timecount  systick.o
    0x200010a0        -       0x00000200   Zero   RW          111    HEAP                startup_stm32f10x_md.o
    0x200012a0        -       0x00000400   Zero   RW          110    STACK               startup_stm32f10x_md.o


==============================================================================

Image component sizes


      Code (inc. data)   RO Data    RW Data    ZI Data      Debug   Object Name

       192         20         20          0          0       1044   main.o
       500         44         42         51          0       3000   nrf24.o
       248         20          0          0          1       4012   nvic.o
       256          0          0          0          0       2035   spi.o
        64         26        236          0       1536        808   startup_stm32f10x_md.o
        74          0          0          0          0       1175   system.o
       284          0          0          0          0       2836   system_stm32f10x.o
        78          0          0          0          4       1087   systick.o
       148          0          0          0       4096       1650   uart.o

    ----------------------------------------------------------------------
      1856        110        333         52       5640      17647   Object Totals
         0          0         32          0          0          0   (incl. Generated)
        12          0          3          1          3          0   (incl. Padding)

    ----------------------------------------------------------------------

      Code (inc. data)   RO Data    RW Data    ZI Data      Debug   Library Member Name

         8          0          0          0          0         68   __main.o
       312          4         17          0          0         92   __printf_flags_wp.o
        14          0          0          0          0         68   __printf_wp.o
         0          0          0          0          0          0   __rtentry.o
        12          0          0          0          0          0   __rtentry2.o
         6          0          0          0          0          0   __rtentry4.o
        52          8          0          0          0          0   __scatter.o
        26          0          0          0          0          0   __scatter_copy.o
        28          0          0          0          0          0   __scatter_zi.o
        44          0          0          0          0        108   _printf_char.o
        48          6          0          0          0         96   _printf_char_common.o
       120         16          0          0          0         92   _printf_dec.o
        88          4         40          0          0         88   _printf_hex_int.o
       178          0          0          0          0         88   _printf_intcommon.o
        78          0          0          0          0        108   _printf_pad.o
         0          0          0          0          0          0   _printf_percent.o
         4          0          0          0          0          0   _printf_percent_end.o
         6          0          0          0          0          0   _printf_s.o
        82          0          0          0          0         80   _printf_str.o
         6          0          0          0          0          0   _printf_u.o
         6          0          0          0          0          0   _printf_x.o
        10          0          0          0          0         68   _sputc.o
        18          0          0          0          0         80   exit.o
         6          0          0          0          0        152   heapauxi.o
         0          0          0          0          0          0   indicate_semi.o
         2          0          0          0          0          0   libinit.o
         2          0          0          0          0          0   libinit2.o
         2          0          0          0          0          0   libshutdown.o
         2          0          0          0          0          0   libshutdown2.o
         8          4          0          0         96         68   libspace.o
        40          6          0          0          0         84   noretval__2sprintf.o
       138          0          0          0          0         68   rt_memcpy_v6.o
       100          0          0          0          0         80   rt_memcpy_w.o
         2          0          0          0          0          0   rtexit.o
        10          0          0          0          0          0   rtexit2.o
        12          4          0          0          0         68   sys_exit.o
        74          0          0          0          0         80   sys_stackheap_outer.o
         2          0          0          0          0         68   use_no_semi.o

    ----------------------------------------------------------------------
      1554         52         57          0         96       1704   Library Totals
         8          0          0          0          0          0   (incl. Padding)

    ----------------------------------------------------------------------

      Code (inc. data)   RO Data    RW Data    ZI Data      Debug   Library Name

      1546         52         57          0         96       1704   c_w.l

    ----------------------------------------------------------------------
      1554         52         57          0         96       1704   Library Totals

    ----------------------------------------------------------------------

==============================================================================


      Code (inc. data)   RO Data    RW Data    ZI Data      Debug   

      3410        162        390         52       5736      18427   Grand Totals
      3410        162        390         52       5736      18427   ELF Image Totals
      3410        162        390         52          0          0   ROM Totals

==============================================================================

    Total RO  Size (Code + RO Data)                 3800 (   3.71kB)
    Total RW  Size (RW Data + ZI Data)              5788 (   5.65kB)
    Total ROM Size (Code + RO Data + RW Data)       3852 (   3.76kB)

==============================================================================

